python : test_add_constants 
(test_accessor_api.TestAccessorConstants.test_add_constants) ... ok
At line:1 char:1
+ python -m unittest discover tests/ -v 2>&1 | Tee-Object -FilePath tes ...
+ ~~~~~~~~~~~~~~~~~~~~~~~~~~~~~~~~~~~~~~~~~~
    + CategoryInfo          : NotSpecified: (test_add_consta...nstants) ... ok 
   :String) [], RemoteException
    + FullyQualifiedErrorId : NativeCommandError
 
test_add_numpy_array 
(test_accessor_api.TestAccessorConstants.test_add_numpy_array) ... ok
test_remove_constants 
(test_accessor_api.TestAccessorConstants.test_remove_constants) ... ok
test_exclude_kwarg 
(test_accessor_api.TestAccessorHelperClassification.test_exclude_kwarg)
exclude=[...] must remove those indicators from the returned list. ... ok
test_helper_methods_excluded (test_accessor_api.TestAccessorHelperClassificatio
n.test_helper_methods_excluded)
constants, indicators, strategy, ticker must not be in the list. ... ok
test_known_indicators_present (test_accessor_api.TestAccessorHelperClassificati
on.test_known_indicators_present)
A representative selection of real indicators must appear. ... ok
test_properties_excluded 
(test_accessor_api.TestAccessorHelperClassification.test_properties_excluded)
Accessor properties must not be listed as indicators. ... ok
test_ticker_not_in_indicator_list (test_accessor_api.TestAccessorHelperClassifi
cation.test_ticker_not_in_indicator_list)
ticker is a method ΓÇö must not be listed as an indicator. ... ok
test_no_prefix_property 
(test_accessor_api.TestAccessorPrefixSuffixKwargs.test_no_prefix_property)
The accessor must NOT have a 'prefix' attribute (it's not a property). ... ok
test_no_suffix_property 
(test_accessor_api.TestAccessorPrefixSuffixKwargs.test_no_suffix_property)
The accessor must NOT have a 'suffix' attribute (it's not a property). ... ok
test_prefix_and_suffix_kwarg (test_accessor_api.TestAccessorPrefixSuffixKwargs.
test_prefix_and_suffix_kwarg) ... ok
test_prefix_kwarg 
(test_accessor_api.TestAccessorPrefixSuffixKwargs.test_prefix_kwarg) ... ok
test_prefix_suffix_multicolumn (test_accessor_api.TestAccessorPrefixSuffixKwarg
s.test_prefix_suffix_multicolumn)
prefix/suffix must apply to all columns of a multi-column result. ... ok
test_suffix_kwarg 
(test_accessor_api.TestAccessorPrefixSuffixKwargs.test_suffix_kwarg) ... ok
test_default_is_years 
(test_accessor_api.TestAccessorTimeRange.test_default_is_years) ... ok
test_invalid_unit_falls_back_to_years 
(test_accessor_api.TestAccessorTimeRange.test_invalid_unit_falls_back_to_years)
An invalid unit string falls back to 'years' internally. ... ok
test_none_resets_to_years 
(test_accessor_api.TestAccessorTimeRange.test_none_resets_to_years) ... ok
test_valid_units (test_accessor_api.TestAccessorTimeRange.test_valid_units) 
... ok
test_to_utc_is_not_callable 
(test_accessor_api.TestAccessorToUtcProperty.test_to_utc_is_not_callable)
Accessing df.ta.to_utc must not raise; result is not a method. ... ok
test_to_utc_not_callable_as_method (test_accessor_api.TestAccessorToUtcProperty
.test_to_utc_not_callable_as_method)
Calling df.ta.to_utc() (with parentheses) should raise TypeError. ... ok
test_empty_dataframe_returns_false 
(test_accessor_api.TestIsDatetimeOrdered.test_empty_dataframe_returns_false) 
... ok
test_non_datetime_index_returns_false (test_accessor_api.TestIsDatetimeOrdered.
test_non_datetime_index_returns_false) ... ok
test_ordered_datetime_index 
(test_accessor_api.TestIsDatetimeOrdered.test_ordered_datetime_index) ... ok
test_reversed_datetime_index 
(test_accessor_api.TestIsDatetimeOrdered.test_reversed_datetime_index) ... ok
test_single_row_returns_false 
(test_accessor_api.TestIsDatetimeOrdered.test_single_row_returns_false) ... ok
test_ebsw_ext (test_ext_assertions.TestExtCyclesDeeper.test_ebsw_ext) ... ok
test_ao_ext (test_ext_assertions.TestExtMomentumDeeper.test_ao_ext) ... ok
test_bias_ext (test_ext_assertions.TestExtMomentumDeeper.test_bias_ext) ... ok
test_cfo_ext (test_ext_assertions.TestExtMomentumDeeper.test_cfo_ext) ... ok
test_coppock_ext (test_ext_assertions.TestExtMomentumDeeper.test_coppock_ext) 
... ok
test_cti_ext (test_ext_assertions.TestExtMomentumDeeper.test_cti_ext) ... ok
test_er_ext (test_ext_assertions.TestExtMomentumDeeper.test_er_ext) ... ok
test_fisher_ext (test_ext_assertions.TestExtMomentumDeeper.test_fisher_ext) 
... ok
test_kdj_ext (test_ext_assertions.TestExtMomentumDeeper.test_kdj_ext) ... ok
test_kst_ext (test_ext_assertions.TestExtMomentumDeeper.test_kst_ext) ... ok
test_macd_ext (test_ext_assertions.TestExtMomentumDeeper.test_macd_ext) ... ok
test_qqe_ext (test_ext_assertions.TestExtMomentumDeeper.test_qqe_ext) ... ok
test_rsi_ext (test_ext_assertions.TestExtMomentumDeeper.test_rsi_ext) ... ok
test_stochrsi_ext 
(test_ext_assertions.TestExtMomentumDeeper.test_stochrsi_ext) ... ok
test_td_seq_ext (test_ext_assertions.TestExtMomentumDeeper.test_td_seq_ext) 
... ok
test_tsi_ext (test_ext_assertions.TestExtMomentumDeeper.test_tsi_ext) ... ok
test_willr_ext (test_ext_assertions.TestExtMomentumDeeper.test_willr_ext) ... 
ok
test_accbands_ext (test_ext_assertions.TestExtOverlapDeeper.test_accbands_ext) 
... ok
test_bbands_ext (test_ext_assertions.TestExtOverlapDeeper.test_bbands_ext) ... 
ok
test_ema_ext (test_ext_assertions.TestExtOverlapDeeper.test_ema_ext) ... ok
test_fwma_ext (test_ext_assertions.TestExtOverlapDeeper.test_fwma_ext) ... ok
test_hma_ext (test_ext_assertions.TestExtOverlapDeeper.test_hma_ext) ... ok
test_hwc_ext (test_ext_assertions.TestExtOverlapDeeper.test_hwc_ext) ... ok
test_kama_ext (test_ext_assertions.TestExtOverlapDeeper.test_kama_ext) ... ok
test_linreg_ext (test_ext_assertions.TestExtOverlapDeeper.test_linreg_ext) ... 
ok
test_rma_ext (test_ext_assertions.TestExtOverlapDeeper.test_rma_ext) ... ok
test_sma_ext (test_ext_assertions.TestExtOverlapDeeper.test_sma_ext) ... ok
test_ssf_ext (test_ext_assertions.TestExtOverlapDeeper.test_ssf_ext) ... ok
test_vwap_ext (test_ext_assertions.TestExtOverlapDeeper.test_vwap_ext) ... ok
test_vwma_ext (test_ext_assertions.TestExtOverlapDeeper.test_vwma_ext) ... ok
test_zlma_ext (test_ext_assertions.TestExtOverlapDeeper.test_zlma_ext) ... ok
test_log_return_ext 
(test_ext_assertions.TestExtPerformanceDeeper.test_log_return_ext) ... ok
test_percent_return_ext 
(test_ext_assertions.TestExtPerformanceDeeper.test_percent_return_ext) ... ok
test_entropy_ext 
(test_ext_assertions.TestExtStatisticsDeeper.test_entropy_ext) ... ok
test_kurtosis_ext 
(test_ext_assertions.TestExtStatisticsDeeper.test_kurtosis_ext) ... ok
test_mad_ext (test_ext_assertions.TestExtStatisticsDeeper.test_mad_ext) ... ok
test_skew_ext (test_ext_assertions.TestExtStatisticsDeeper.test_skew_ext) ... 
ok
test_variance_ext 
(test_ext_assertions.TestExtStatisticsDeeper.test_variance_ext) ... ok
test_zscore_ext (test_ext_assertions.TestExtStatisticsDeeper.test_zscore_ext) 
... ok
test_adx_ext (test_ext_assertions.TestExtTrendDeeper.test_adx_ext) ... ok
test_aroon_ext (test_ext_assertions.TestExtTrendDeeper.test_aroon_ext) ... ok
test_decay_ext (test_ext_assertions.TestExtTrendDeeper.test_decay_ext) ... ok
test_psar_ext (test_ext_assertions.TestExtTrendDeeper.test_psar_ext) ... ok
test_supertrend_ext 
(test_ext_assertions.TestExtTrendDeeper.test_supertrend_ext) ... ok
test_vortex_ext (test_ext_assertions.TestExtTrendDeeper.test_vortex_ext) ... ok
test_atr_ext (test_ext_assertions.TestExtVolatilityDeeper.test_atr_ext) ... ok
test_chop_ext (test_ext_assertions.TestExtVolatilityDeeper.test_chop_ext) ... 
ok
test_donchian_ext 
(test_ext_assertions.TestExtVolatilityDeeper.test_donchian_ext) ... ok
test_kc_ext (test_ext_assertions.TestExtVolatilityDeeper.test_kc_ext) ... ok
test_pdist_ext (test_ext_assertions.TestExtVolatilityDeeper.test_pdist_ext) 
... ok
test_squeeze_ext 
(test_ext_assertions.TestExtVolatilityDeeper.test_squeeze_ext) ... ok
test_thermo_ext (test_ext_assertions.TestExtVolatilityDeeper.test_thermo_ext) 
... ok
test_ui_ext (test_ext_assertions.TestExtVolatilityDeeper.test_ui_ext) ... ok
test_ad_ext (test_ext_assertions.TestExtVolumeDeeper.test_ad_ext) ... ok
test_aobv_ext (test_ext_assertions.TestExtVolumeDeeper.test_aobv_ext) ... ok
test_cmf_ext (test_ext_assertions.TestExtVolumeDeeper.test_cmf_ext) ... ok
test_efi_ext (test_ext_assertions.TestExtVolumeDeeper.test_efi_ext) ... ok
test_mfi_ext (test_ext_assertions.TestExtVolumeDeeper.test_mfi_ext) ... ok
test_obv_ext (test_ext_assertions.TestExtVolumeDeeper.test_obv_ext) ... ok
test_pvol_ext (test_ext_assertions.TestExtVolumeDeeper.test_pvol_ext) ... ok
test_pvt_ext (test_ext_assertions.TestExtVolumeDeeper.test_pvt_ext) ... ok
test_vwmacd_ext (test_ext_assertions.TestExtVolumeDeeper.test_vwmacd_ext) ... 
ok
test_cdl_doji_ext 
(test_ext_indicator_candle.TestCandleExtension.test_cdl_doji_ext) ... ok
test_cdl_inside_ext 
(test_ext_indicator_candle.TestCandleExtension.test_cdl_inside_ext) ... ok
test_cdl_z_ext (test_ext_indicator_candle.TestCandleExtension.test_cdl_z_ext) 
... ok
test_ha_ext (test_ext_indicator_candle.TestCandleExtension.test_ha_ext) ... ok
test_dsp_ext (test_ext_indicator_cycles.TestCylesExtension.test_dsp_ext) ... ok
test_ebsw_ext (test_ext_indicator_cycles.TestCylesExtension.test_ebsw_ext) ... 
ok
test_ao_ext (test_ext_indicator_momentum.TestMomentumExtension.test_ao_ext) 
... ok
test_apo_ext (test_ext_indicator_momentum.TestMomentumExtension.test_apo_ext) 
... ok
test_bias_ext 
(test_ext_indicator_momentum.TestMomentumExtension.test_bias_ext) ... ok
test_bop_ext (test_ext_indicator_momentum.TestMomentumExtension.test_bop_ext) 
... ok
test_brar_ext 
(test_ext_indicator_momentum.TestMomentumExtension.test_brar_ext) ... ok
test_cci_ext (test_ext_indicator_momentum.TestMomentumExtension.test_cci_ext) 
... ok
test_cfo_ext (test_ext_indicator_momentum.TestMomentumExtension.test_cfo_ext) 
... ok
test_cg_ext (test_ext_indicator_momentum.TestMomentumExtension.test_cg_ext) 
... ok
test_cmo_ext (test_ext_indicator_momentum.TestMomentumExtension.test_cmo_ext) 
... ok
test_coppock_ext 
(test_ext_indicator_momentum.TestMomentumExtension.test_coppock_ext) ... ok
test_cti_ext (test_ext_indicator_momentum.TestMomentumExtension.test_cti_ext) 
... ok
test_er_ext (test_ext_indicator_momentum.TestMomentumExtension.test_er_ext) 
... ok
test_eri_ext (test_ext_indicator_momentum.TestMomentumExtension.test_eri_ext) 
... ok
test_fisher_ext 
(test_ext_indicator_momentum.TestMomentumExtension.test_fisher_ext) ... ok
test_inertia_ext 
(test_ext_indicator_momentum.TestMomentumExtension.test_inertia_ext) ... ok
test_inertia_refined_ext 
(test_ext_indicator_momentum.TestMomentumExtension.test_inertia_refined_ext) 
... ok
test_inertia_thirds_ext 
(test_ext_indicator_momentum.TestMomentumExtension.test_inertia_thirds_ext) 
... ok
test_kdj_ext (test_ext_indicator_momentum.TestMomentumExtension.test_kdj_ext) 
... ok
test_kst_ext (test_ext_indicator_momentum.TestMomentumExtension.test_kst_ext) 
... ok
test_lrsi_ext 
(test_ext_indicator_momentum.TestMomentumExtension.test_lrsi_ext) ... ok
test_macd_ext 
(test_ext_indicator_momentum.TestMomentumExtension.test_macd_ext) ... ok
test_mom_ext (test_ext_indicator_momentum.TestMomentumExtension.test_mom_ext) 
... ok
test_pgo_ext (test_ext_indicator_momentum.TestMomentumExtension.test_pgo_ext) 
... ok
test_po_ext (test_ext_indicator_momentum.TestMomentumExtension.test_po_ext) 
... ok
test_ppo_ext (test_ext_indicator_momentum.TestMomentumExtension.test_ppo_ext) 
... ok
test_psl_ext (test_ext_indicator_momentum.TestMomentumExtension.test_psl_ext) 
... ok
test_pvo_ext (test_ext_indicator_momentum.TestMomentumExtension.test_pvo_ext) 
... ok
test_qqe_ext (test_ext_indicator_momentum.TestMomentumExtension.test_qqe_ext) 
... ok
test_roc_ext (test_ext_indicator_momentum.TestMomentumExtension.test_roc_ext) 
... ok
test_rsi_ext (test_ext_indicator_momentum.TestMomentumExtension.test_rsi_ext) 
... ok
test_rsx_ext (test_ext_indicator_momentum.TestMomentumExtension.test_rsx_ext) 
... ok
test_rvgi_ext 
(test_ext_indicator_momentum.TestMomentumExtension.test_rvgi_ext) ... ok
test_slope_ext 
(test_ext_indicator_momentum.TestMomentumExtension.test_slope_ext) ... ok
test_smi_ext (test_ext_indicator_momentum.TestMomentumExtension.test_smi_ext) 
... ok
test_squeeze_ext 
(test_ext_indicator_momentum.TestMomentumExtension.test_squeeze_ext) ... ok
test_squeeze_pro_ext 
(test_ext_indicator_momentum.TestMomentumExtension.test_squeeze_pro_ext) ... ok
test_stc_ext (test_ext_indicator_momentum.TestMomentumExtension.test_stc_ext) 
... ok
test_stoch_ext 
(test_ext_indicator_momentum.TestMomentumExtension.test_stoch_ext) ... ok
test_stochrsi_ext 
(test_ext_indicator_momentum.TestMomentumExtension.test_stochrsi_ext) ... ok
test_td_seq_ext 
(test_ext_indicator_momentum.TestMomentumExtension.test_td_seq_ext)
TS Sequential DataFrame: Working but SLOW implementation ... ok
test_trix_ext 
(test_ext_indicator_momentum.TestMomentumExtension.test_trix_ext) ... ok
test_trixh_ext 
(test_ext_indicator_momentum.TestMomentumExtension.test_trixh_ext) ... ok
test_tsi_ext (test_ext_indicator_momentum.TestMomentumExtension.test_tsi_ext) 
... ok
test_uo_ext (test_ext_indicator_momentum.TestMomentumExtension.test_uo_ext) 
... ok
test_vwmacd_ext 
(test_ext_indicator_momentum.TestMomentumExtension.test_vwmacd_ext) ... ok
test_willr_ext 
(test_ext_indicator_momentum.TestMomentumExtension.test_willr_ext) ... ok
test_alma_ext 
(test_ext_indicator_overlap_ext.TestOverlapExtension.test_alma_ext) ... ok
test_dema_ext 
(test_ext_indicator_overlap_ext.TestOverlapExtension.test_dema_ext) ... ok
test_ema_ext 
(test_ext_indicator_overlap_ext.TestOverlapExtension.test_ema_ext) ... ok
test_fwma_ext 
(test_ext_indicator_overlap_ext.TestOverlapExtension.test_fwma_ext) ... ok
test_hilo_ext 
(test_ext_indicator_overlap_ext.TestOverlapExtension.test_hilo_ext) ... ok
test_hl2_ext 
(test_ext_indicator_overlap_ext.TestOverlapExtension.test_hl2_ext) ... ok
test_hlc3_ext 
(test_ext_indicator_overlap_ext.TestOverlapExtension.test_hlc3_ext) ... ok
test_hma_ext 
(test_ext_indicator_overlap_ext.TestOverlapExtension.test_hma_ext) ... ok
test_hwma_ext 
(test_ext_indicator_overlap_ext.TestOverlapExtension.test_hwma_ext) ... ok
test_ichimoku_ext 
(test_ext_indicator_overlap_ext.TestOverlapExtension.test_ichimoku_ext) ... ok
test_jma_ext 
(test_ext_indicator_overlap_ext.TestOverlapExtension.test_jma_ext) ... ok
test_kama_ext 
(test_ext_indicator_overlap_ext.TestOverlapExtension.test_kama_ext) ... ok
test_linreg_ext 
(test_ext_indicator_overlap_ext.TestOverlapExtension.test_linreg_ext) ... ok
test_mcgd_ext 
(test_ext_indicator_overlap_ext.TestOverlapExtension.test_mcgd_ext) ... ok
test_midpoint_ext 
(test_ext_indicator_overlap_ext.TestOverlapExtension.test_midpoint_ext) ... ok
test_midprice_ext 
(test_ext_indicator_overlap_ext.TestOverlapExtension.test_midprice_ext) ... ok
test_mmar_ext 
(test_ext_indicator_overlap_ext.TestOverlapExtension.test_mmar_ext) ... ok
test_ohlc4_ext 
(test_ext_indicator_overlap_ext.TestOverlapExtension.test_ohlc4_ext) ... ok
test_pwma_ext 
(test_ext_indicator_overlap_ext.TestOverlapExtension.test_pwma_ext) ... ok
test_rainbow_ext 
(test_ext_indicator_overlap_ext.TestOverlapExtension.test_rainbow_ext) ... ok
test_rma_ext 
(test_ext_indicator_overlap_ext.TestOverlapExtension.test_rma_ext) ... ok
test_sinwma_ext 
(test_ext_indicator_overlap_ext.TestOverlapExtension.test_sinwma_ext) ... ok
test_sma_ext 
(test_ext_indicator_overlap_ext.TestOverlapExtension.test_sma_ext) ... ok
test_ssf_ext 
(test_ext_indicator_overlap_ext.TestOverlapExtension.test_ssf_ext) ... ok
test_supertrend_ext 
(test_ext_indicator_overlap_ext.TestOverlapExtension.test_supertrend_ext) ... 
ok
test_swma_ext 
(test_ext_indicator_overlap_ext.TestOverlapExtension.test_swma_ext) ... ok
test_t3_ext (test_ext_indicator_overlap_ext.TestOverlapExtension.test_t3_ext) 
... ok
test_tema_ext 
(test_ext_indicator_overlap_ext.TestOverlapExtension.test_tema_ext) ... ok
test_trima_ext 
(test_ext_indicator_overlap_ext.TestOverlapExtension.test_trima_ext) ... ok
test_vidya_ext 
(test_ext_indicator_overlap_ext.TestOverlapExtension.test_vidya_ext) ... ok
test_vwap_ext 
(test_ext_indicator_overlap_ext.TestOverlapExtension.test_vwap_ext) ... ok
test_vwma_ext 
(test_ext_indicator_overlap_ext.TestOverlapExtension.test_vwma_ext) ... ok
test_wcp_ext 
(test_ext_indicator_overlap_ext.TestOverlapExtension.test_wcp_ext) ... ok
test_wma_ext 
(test_ext_indicator_overlap_ext.TestOverlapExtension.test_wma_ext) ... ok
test_zlma_ext 
(test_ext_indicator_overlap_ext.TestOverlapExtension.test_zlma_ext) ... ok
test_cum_log_return_ext (test_ext_indicator_performance.TestPerformaceExtension
.test_cum_log_return_ext) ... ok
test_cum_percent_return_ext (test_ext_indicator_performance.TestPerformaceExten
sion.test_cum_percent_return_ext) ... ok
test_drawdown_ext 
(test_ext_indicator_performance.TestPerformaceExtension.test_drawdown_ext) ... 
ok
test_log_return_ext 
(test_ext_indicator_performance.TestPerformaceExtension.test_log_return_ext) 
... ok
test_percent_return_ext (test_ext_indicator_performance.TestPerformaceExtension
.test_percent_return_ext) ... ok
test_entropy_ext 
(test_ext_indicator_statistics.TestStatisticsExtension.test_entropy_ext) ... ok
test_kurtosis_ext 
(test_ext_indicator_statistics.TestStatisticsExtension.test_kurtosis_ext) ... 
ok
test_mad_ext 
(test_ext_indicator_statistics.TestStatisticsExtension.test_mad_ext) ... ok
test_median_ext 
(test_ext_indicator_statistics.TestStatisticsExtension.test_median_ext) ... ok
test_quantile_ext 
(test_ext_indicator_statistics.TestStatisticsExtension.test_quantile_ext) ... 
ok
test_skew_ext 
(test_ext_indicator_statistics.TestStatisticsExtension.test_skew_ext) ... ok
test_stdev_ext 
(test_ext_indicator_statistics.TestStatisticsExtension.test_stdev_ext) ... ok
test_tos_stdevall_ext 
(test_ext_indicator_statistics.TestStatisticsExtension.test_tos_stdevall_ext) 
... ok
test_variance_ext 
(test_ext_indicator_statistics.TestStatisticsExtension.test_variance_ext) ... 
ok
test_adx_ext (test_ext_indicator_trend.TestTrendExtension.test_adx_ext) ... ok
test_amat_ext (test_ext_indicator_trend.TestTrendExtension.test_amat_ext) ... 
ok
test_aroon_ext (test_ext_indicator_trend.TestTrendExtension.test_aroon_ext) 
... ok
test_chop_ext (test_ext_indicator_trend.TestTrendExtension.test_chop_ext) ... 
ok
test_cksp_ext (test_ext_indicator_trend.TestTrendExtension.test_cksp_ext) ... 
ok
test_cksp_tv_ext 
(test_ext_indicator_trend.TestTrendExtension.test_cksp_tv_ext) ... ok
test_decay_ext (test_ext_indicator_trend.TestTrendExtension.test_decay_ext) 
... ok
test_decreasing_ext 
(test_ext_indicator_trend.TestTrendExtension.test_decreasing_ext) ... ok
test_dpo_ext (test_ext_indicator_trend.TestTrendExtension.test_dpo_ext) ... ok
test_increasing_ext 
(test_ext_indicator_trend.TestTrendExtension.test_increasing_ext) ... ok
test_long_run_ext 
(test_ext_indicator_trend.TestTrendExtension.test_long_run_ext) ... ok
test_pmax_ext (test_ext_indicator_trend.TestTrendExtension.test_pmax_ext) ... 
ok
test_psar_ext (test_ext_indicator_trend.TestTrendExtension.test_psar_ext) ... 
ok
test_qstick_ext (test_ext_indicator_trend.TestTrendExtension.test_qstick_ext) 
... ok
test_short_run_ext 
(test_ext_indicator_trend.TestTrendExtension.test_short_run_ext) ... ok
test_tsignals_ext 
(test_ext_indicator_trend.TestTrendExtension.test_tsignals_ext) ... ok
test_ttm_trend_ext 
(test_ext_indicator_trend.TestTrendExtension.test_ttm_trend_ext) ... ok
test_vortext_ext 
(test_ext_indicator_trend.TestTrendExtension.test_vortext_ext) ... ok
test_xsignals_ext 
(test_ext_indicator_trend.TestTrendExtension.test_xsignals_ext) ... ok
test_aberration_ext 
(test_ext_indicator_volatility.TestVolatilityExtension.test_aberration_ext) 
... ok
test_accbands_ext 
(test_ext_indicator_volatility.TestVolatilityExtension.test_accbands_ext) ... 
ok
test_atr_ext 
(test_ext_indicator_volatility.TestVolatilityExtension.test_atr_ext) ... ok
test_bbands_ext 
(test_ext_indicator_volatility.TestVolatilityExtension.test_bbands_ext) ... ok
test_ce_ext 
(test_ext_indicator_volatility.TestVolatilityExtension.test_ce_ext) ... ok
test_donchian_ext 
(test_ext_indicator_volatility.TestVolatilityExtension.test_donchian_ext) ... 
ok
test_hwc_ext 
(test_ext_indicator_volatility.TestVolatilityExtension.test_hwc_ext) ... ok
test_kc_ext 
(test_ext_indicator_volatility.TestVolatilityExtension.test_kc_ext) ... ok
test_massi_ext 
(test_ext_indicator_volatility.TestVolatilityExtension.test_massi_ext) ... ok
test_natr_ext 
(test_ext_indicator_volatility.TestVolatilityExtension.test_natr_ext) ... ok
test_pdist_ext 
(test_ext_indicator_volatility.TestVolatilityExtension.test_pdist_ext) ... ok
test_rvi_ext 
(test_ext_indicator_volatility.TestVolatilityExtension.test_rvi_ext) ... ok
test_rvi_refined_ext 
(test_ext_indicator_volatility.TestVolatilityExtension.test_rvi_refined_ext) 
... ok
test_rvi_thirds_ext 
(test_ext_indicator_volatility.TestVolatilityExtension.test_rvi_thirds_ext) 
... ok
test_thermo_ext 
(test_ext_indicator_volatility.TestVolatilityExtension.test_thermo_ext) ... ok
test_true_range_ext 
(test_ext_indicator_volatility.TestVolatilityExtension.test_true_range_ext) 
... ok
test_ui_ext 
(test_ext_indicator_volatility.TestVolatilityExtension.test_ui_ext) ... ok
test_ad_ext (test_ext_indicator_volume.TestVolumeExtension.test_ad_ext) ... ok
test_ad_open_ext 
(test_ext_indicator_volume.TestVolumeExtension.test_ad_open_ext) ... ok
test_adosc_ext (test_ext_indicator_volume.TestVolumeExtension.test_adosc_ext) 
... ok
test_aobv_ext (test_ext_indicator_volume.TestVolumeExtension.test_aobv_ext) 
... ok
test_cmf_ext (test_ext_indicator_volume.TestVolumeExtension.test_cmf_ext) ... 
ok
test_efi_ext (test_ext_indicator_volume.TestVolumeExtension.test_efi_ext) ... 
ok
test_eom_ext (test_ext_indicator_volume.TestVolumeExtension.test_eom_ext) ... 
ok
test_kvo_ext (test_ext_indicator_volume.TestVolumeExtension.test_kvo_ext) ... 
ok
test_mfi_ext (test_ext_indicator_volume.TestVolumeExtension.test_mfi_ext) ... 
ok
test_nvi_ext (test_ext_indicator_volume.TestVolumeExtension.test_nvi_ext) ... 
ok
test_obv_ext (test_ext_indicator_volume.TestVolumeExtension.test_obv_ext) ... 
ok
test_pvi_ext (test_ext_indicator_volume.TestVolumeExtension.test_pvi_ext) ... 
ok
test_pvol_ext (test_ext_indicator_volume.TestVolumeExtension.test_pvol_ext) 
... ok
test_pvr_ext (test_ext_indicator_volume.TestVolumeExtension.test_pvr_ext) ... 
ok
test_pvt_ext (test_ext_indicator_volume.TestVolumeExtension.test_pvt_ext) ... 
ok
test_vfi_ext (test_ext_indicator_volume.TestVolumeExtension.test_vfi_ext) ... 
ok
test_vp_ext (test_ext_indicator_volume.TestVolumeExtension.test_vp_ext) ... ok
test_cdl_doji (test_indicator_candle.TestCandle.test_cdl_doji) ... ok
test_cdl_inside (test_indicator_candle.TestCandle.test_cdl_inside) ... ok
test_cdl_pattern (test_indicator_candle.TestCandle.test_cdl_pattern) ... ok
test_cdl_z (test_indicator_candle.TestCandle.test_cdl_z) ... ok
test_ha (test_indicator_candle.TestCandle.test_ha) ... ok
test_dsp (test_indicator_cycles.TestCycles.test_dsp) ... ok
test_ebsw (test_indicator_cycles.TestCycles.test_ebsw) ... ok
test_ht_dcperiod (test_indicator_cycles.TestCycles.test_ht_dcperiod) ... ok
test_ht_dcphase (test_indicator_cycles.TestCycles.test_ht_dcphase) ... ok
test_ht_phasor (test_indicator_cycles.TestCycles.test_ht_phasor) ... ok
test_ht_sine (test_indicator_cycles.TestCycles.test_ht_sine) ... ok
test_ht_trendmode (test_indicator_cycles.TestCycles.test_ht_trendmode) ... ok
test_msw (test_indicator_cycles.TestCycles.test_msw) ... ok
test_atr_all_nan (test_indicator_edge_cases.TestAllNanInput.test_atr_all_nan) 
... ok
test_ema_all_nan (test_indicator_edge_cases.TestAllNanInput.test_ema_all_nan) 
... ok
test_obv_all_nan (test_indicator_edge_cases.TestAllNanInput.test_obv_all_nan) 
... ok
test_roc_all_nan (test_indicator_edge_cases.TestAllNanInput.test_roc_all_nan) 
... ok
test_rsi_all_nan (test_indicator_edge_cases.TestAllNanInput.test_rsi_all_nan) 
... ok
test_sma_all_nan (test_indicator_edge_cases.TestAllNanInput.test_sma_all_nan) 
... ok
test_stdev_all_nan 
(test_indicator_edge_cases.TestAllNanInput.test_stdev_all_nan) ... ok
test_atr_constant_returns_valid 
(test_indicator_edge_cases.TestConstantInput.test_atr_constant_returns_valid)
ATR on constant H/L/C should not crash and must produce finite values. ... ok
test_bbands_constant_no_crash 
(test_indicator_edge_cases.TestConstantInput.test_bbands_constant_no_crash)
Bollinger Bands on constant input must not crash and must return a DataFrame. 
... ok
test_mom_constant_is_zero 
(test_indicator_edge_cases.TestConstantInput.test_mom_constant_is_zero)
Momentum (close[i] - close[i-length]) of a constant series is always 0. ... ok
test_roc_constant_is_zero 
(test_indicator_edge_cases.TestConstantInput.test_roc_constant_is_zero)
Rate of change on a constant series is always 0 %. ... ok
test_rsi_constant_is_all_nan 
(test_indicator_edge_cases.TestConstantInput.test_rsi_constant_is_all_nan)
RSI on a constant series is undefined (0/0) ΓÇö result must be all-NaN. ... ok
test_sma_constant_equals_value 
(test_indicator_edge_cases.TestConstantInput.test_sma_constant_equals_value)
SMA of a constant series must equal the constant for all valid rows. ... ok
test_stdev_constant_is_zero 
(test_indicator_edge_cases.TestConstantInput.test_stdev_constant_is_zero)
Standard deviation of a constant series must be 0 for all valid rows. ... ok
test_ema_inf_input 
(test_indicator_edge_cases.TestInfInInput.test_ema_inf_input) ... ok
test_obv_inf_volume 
(test_indicator_edge_cases.TestInfInInput.test_obv_inf_volume)
Inf in volume column must not crash OBV. ... ok
test_roc_inf_input 
(test_indicator_edge_cases.TestInfInInput.test_roc_inf_input) ... ok
test_rsi_inf_input 
(test_indicator_edge_cases.TestInfInInput.test_rsi_inf_input) ... ok
test_sma_inf_input 
(test_indicator_edge_cases.TestInfInInput.test_sma_inf_input) ... ok
test_stdev_inf_input 
(test_indicator_edge_cases.TestInfInInput.test_stdev_inf_input) ... ok
test_adx_h_too_short_returns_none (test_indicator_edge_cases.TestMismatchedLeng
ths.test_adx_h_too_short_returns_none) ... ok
test_atr_c_too_short_returns_none (test_indicator_edge_cases.TestMismatchedLeng
ths.test_atr_c_too_short_returns_none) ... ok
test_atr_h_too_short_returns_none (test_indicator_edge_cases.TestMismatchedLeng
ths.test_atr_h_too_short_returns_none)
atr with h shorter than the minimum requirement must return None. ... ok
test_atr_l_too_short_returns_none (test_indicator_edge_cases.TestMismatchedLeng
ths.test_atr_l_too_short_returns_none) ... ok
test_obv_short_volume_limits_output (test_indicator_edge_cases.TestMismatchedLe
ngths.test_obv_short_volume_limits_output)
When volume is shorter than close but still produces valid rows, ... ok
test_ao (test_indicator_momentum.TestMomentum.test_ao) ... ok
test_apo (test_indicator_momentum.TestMomentum.test_apo) ... ok
test_bias (test_indicator_momentum.TestMomentum.test_bias) ... ok
test_bop (test_indicator_momentum.TestMomentum.test_bop) ... ok
test_brar (test_indicator_momentum.TestMomentum.test_brar) ... ok
test_cci (test_indicator_momentum.TestMomentum.test_cci) ... ok
test_cfo (test_indicator_momentum.TestMomentum.test_cfo) ... ok
test_cg (test_indicator_momentum.TestMomentum.test_cg) ... ok
test_cmo (test_indicator_momentum.TestMomentum.test_cmo) ... ok
test_coppock (test_indicator_momentum.TestMomentum.test_coppock) ... ok
test_cti (test_indicator_momentum.TestMomentum.test_cti) ... ok
test_datetime_ordered 
(test_indicator_momentum.TestMomentum.test_datetime_ordered) ... ok
test_dm (test_indicator_momentum.TestMomentum.test_dm) ... ok
test_er (test_indicator_momentum.TestMomentum.test_er) ... ok
test_eri (test_indicator_momentum.TestMomentum.test_eri) ... ok
test_fisher (test_indicator_momentum.TestMomentum.test_fisher) ... ok
test_fosc (test_indicator_momentum.TestMomentum.test_fosc) ... ok
test_inertia (test_indicator_momentum.TestMomentum.test_inertia) ... ok
test_kdj (test_indicator_momentum.TestMomentum.test_kdj) ... ok
test_kst (test_indicator_momentum.TestMomentum.test_kst) ... ok
test_lrsi (test_indicator_momentum.TestMomentum.test_lrsi) ... ok
test_macd (test_indicator_momentum.TestMomentum.test_macd) ... ok
test_macdas (test_indicator_momentum.TestMomentum.test_macdas) ... ok
test_macdext (test_indicator_momentum.TestMomentum.test_macdext) ... ok
test_mom (test_indicator_momentum.TestMomentum.test_mom) ... ok
test_pgo (test_indicator_momentum.TestMomentum.test_pgo) ... ok
test_po (test_indicator_momentum.TestMomentum.test_po) ... ok
test_ppo (test_indicator_momentum.TestMomentum.test_ppo) ... ok
test_psl (test_indicator_momentum.TestMomentum.test_psl) ... ok
test_pvo (test_indicator_momentum.TestMomentum.test_pvo) ... ok
test_qqe (test_indicator_momentum.TestMomentum.test_qqe) ... ok
test_reverse (test_indicator_momentum.TestMomentum.test_reverse) ... ok
test_roc (test_indicator_momentum.TestMomentum.test_roc) ... ok
test_rocp (test_indicator_momentum.TestMomentum.test_rocp) ... ok
test_rocr (test_indicator_momentum.TestMomentum.test_rocr) ... ok
test_rocr100 (test_indicator_momentum.TestMomentum.test_rocr100) ... ok
test_rsi (test_indicator_momentum.TestMomentum.test_rsi) ... ok
test_rsx (test_indicator_momentum.TestMomentum.test_rsx) ... ok
test_rvgi (test_indicator_momentum.TestMomentum.test_rvgi) ... ok
test_slope (test_indicator_momentum.TestMomentum.test_slope) ... ok
test_slope_as_angle (test_indicator_momentum.TestMomentum.test_slope_as_angle) 
... ok
test_slope_as_angle_to_degrees 
(test_indicator_momentum.TestMomentum.test_slope_as_angle_to_degrees) ... ok
test_smi (test_indicator_momentum.TestMomentum.test_smi) ... ok
test_smi_scalar (test_indicator_momentum.TestMomentum.test_smi_scalar) ... ok
test_squeeze (test_indicator_momentum.TestMomentum.test_squeeze) ... ok
test_squeeze_pro (test_indicator_momentum.TestMomentum.test_squeeze_pro) ... ok
test_stc (test_indicator_momentum.TestMomentum.test_stc) ... ok
test_stoch (test_indicator_momentum.TestMomentum.test_stoch) ... ok
test_stochf (test_indicator_momentum.TestMomentum.test_stochf) ... ok
test_stochrsi (test_indicator_momentum.TestMomentum.test_stochrsi) ... ok
test_td_seq (test_indicator_momentum.TestMomentum.test_td_seq)
TS Sequential: Working but SLOW implementation ... ok
test_trix (test_indicator_momentum.TestMomentum.test_trix) ... ok
test_trixh (test_indicator_momentum.TestMomentum.test_trixh) ... ok
test_tsi (test_indicator_momentum.TestMomentum.test_tsi) ... ok
test_uo (test_indicator_momentum.TestMomentum.test_uo) ... ok
test_vwmacd (test_indicator_momentum.TestMomentum.test_vwmacd) ... ok
test_willr (test_indicator_momentum.TestMomentum.test_willr) ... ok
test_alma (test_indicator_overlap.TestOverlap.test_alma) ... ok
test_dema (test_indicator_overlap.TestOverlap.test_dema) ... ok
test_ema (test_indicator_overlap.TestOverlap.test_ema) ... ok
test_fwma (test_indicator_overlap.TestOverlap.test_fwma) ... ok
test_hilo (test_indicator_overlap.TestOverlap.test_hilo) ... ok
test_hl2 (test_indicator_overlap.TestOverlap.test_hl2) ... ok
test_hlc3 (test_indicator_overlap.TestOverlap.test_hlc3) ... ok
test_hma (test_indicator_overlap.TestOverlap.test_hma) ... ok
test_ht_trendline (test_indicator_overlap.TestOverlap.test_ht_trendline) ... ok
test_hwma (test_indicator_overlap.TestOverlap.test_hwma) ... ok
test_ichimoku (test_indicator_overlap.TestOverlap.test_ichimoku) ... ok
test_jma (test_indicator_overlap.TestOverlap.test_jma) ... ok
test_kama (test_indicator_overlap.TestOverlap.test_kama) ... ok
test_linreg (test_indicator_overlap.TestOverlap.test_linreg) ... ok
test_linreg_angle (test_indicator_overlap.TestOverlap.test_linreg_angle) ... ok
test_linreg_intercept 
(test_indicator_overlap.TestOverlap.test_linreg_intercept) ... ok
test_linreg_r (test_indicator_overlap.TestOverlap.test_linreg_r) ... ok
test_linreg_slope (test_indicator_overlap.TestOverlap.test_linreg_slope) ... ok
test_ma (test_indicator_overlap.TestOverlap.test_ma) ... ok
test_mama (test_indicator_overlap.TestOverlap.test_mama) ... ok
test_mavp (test_indicator_overlap.TestOverlap.test_mavp) ... ok
test_mcgd (test_indicator_overlap.TestOverlap.test_mcgd) ... ok
test_midpoint (test_indicator_overlap.TestOverlap.test_midpoint) ... ok
test_midprice (test_indicator_overlap.TestOverlap.test_midprice) ... ok
test_mmar (test_indicator_overlap.TestOverlap.test_mmar) ... ok
test_ohlc4 (test_indicator_overlap.TestOverlap.test_ohlc4) ... ok
test_pwma (test_indicator_overlap.TestOverlap.test_pwma) ... ok
test_rainbow (test_indicator_overlap.TestOverlap.test_rainbow) ... ok
test_rma (test_indicator_overlap.TestOverlap.test_rma) ... ok
test_sinwma (test_indicator_overlap.TestOverlap.test_sinwma) ... ok
test_sma (test_indicator_overlap.TestOverlap.test_sma) ... ok
test_ssf (test_indicator_overlap.TestOverlap.test_ssf) ... ok
test_supertrend (test_indicator_overlap.TestOverlap.test_supertrend) ... ok
test_swma (test_indicator_overlap.TestOverlap.test_swma) ... ok
test_t3 (test_indicator_overlap.TestOverlap.test_t3) ... ok
test_tema (test_indicator_overlap.TestOverlap.test_tema) ... ok
test_trima (test_indicator_overlap.TestOverlap.test_trima) ... ok
test_tsf (test_indicator_overlap.TestOverlap.test_tsf) ... ok
test_vidya (test_indicator_overlap.TestOverlap.test_vidya) ... ok
test_vwap (test_indicator_overlap.TestOverlap.test_vwap) ... ok
test_vwma (test_indicator_overlap.TestOverlap.test_vwma) ... ok
test_wcp (test_indicator_overlap.TestOverlap.test_wcp) ... ok
test_wma (test_indicator_overlap.TestOverlap.test_wma) ... ok
test_zlma (test_indicator_overlap.TestOverlap.test_zlma) ... ok
test_cum_log_return 
(test_indicator_performance.TestPerformace.test_cum_log_return) ... ok
test_cum_percent_return 
(test_indicator_performance.TestPerformace.test_cum_percent_return) ... ok
test_drawdown (test_indicator_performance.TestPerformace.test_drawdown) ... ok
test_log_return (test_indicator_performance.TestPerformace.test_log_return) 
... ok
test_percent_return 
(test_indicator_performance.TestPerformace.test_percent_return) ... ok
test_beta (test_indicator_statistics.TestStatistics.test_beta) ... ok
test_correl (test_indicator_statistics.TestStatistics.test_correl) ... ok
test_entropy (test_indicator_statistics.TestStatistics.test_entropy) ... ok
test_kurtosis (test_indicator_statistics.TestStatistics.test_kurtosis) ... ok
test_mad (test_indicator_statistics.TestStatistics.test_mad) ... ok
test_median (test_indicator_statistics.TestStatistics.test_median) ... ok
test_quantile (test_indicator_statistics.TestStatistics.test_quantile) ... ok
test_skew (test_indicator_statistics.TestStatistics.test_skew) ... ok
test_stderr (test_indicator_statistics.TestStatistics.test_stderr) ... ok
test_stdev (test_indicator_statistics.TestStatistics.test_stdev) ... ok
test_tos_sdtevall (test_indicator_statistics.TestStatistics.test_tos_sdtevall) 
... ok
test_variance (test_indicator_statistics.TestStatistics.test_variance) ... ok
test_zscore (test_indicator_statistics.TestStatistics.test_zscore) ... ok
test_adx (test_indicator_trend.TestTrend.test_adx) ... ok
test_adxr (test_indicator_trend.TestTrend.test_adxr) ... ok
test_amat (test_indicator_trend.TestTrend.test_amat) ... ok
test_aroon (test_indicator_trend.TestTrend.test_aroon) ... ok
test_aroon_osc (test_indicator_trend.TestTrend.test_aroon_osc) ... ok
test_chop (test_indicator_trend.TestTrend.test_chop) ... ok
test_cksp (test_indicator_trend.TestTrend.test_cksp) ... ok
test_cksp_tv (test_indicator_trend.TestTrend.test_cksp_tv) ... ok
test_cpr_basic (test_indicator_trend.TestTrend.test_cpr_basic) ... ok
test_cpr_camarilla (test_indicator_trend.TestTrend.test_cpr_camarilla) ... ok
test_cpr_classic_extended 
(test_indicator_trend.TestTrend.test_cpr_classic_extended) ... ok
test_cpr_classic_standard 
(test_indicator_trend.TestTrend.test_cpr_classic_standard) ... ok
test_cpr_empty_series (test_indicator_trend.TestTrend.test_cpr_empty_series) 
... ok
test_cpr_fibonacci (test_indicator_trend.TestTrend.test_cpr_fibonacci) ... ok
test_cpr_invalid_levels 
(test_indicator_trend.TestTrend.test_cpr_invalid_levels) ... ok
test_cpr_invalid_method 
(test_indicator_trend.TestTrend.test_cpr_invalid_method) ... ok
test_cpr_invalid_timeframe 
(test_indicator_trend.TestTrend.test_cpr_invalid_timeframe) ... ok
test_cpr_price_position 
(test_indicator_trend.TestTrend.test_cpr_price_position) ... ok
test_cpr_virgin_custom_lookforward 
(test_indicator_trend.TestTrend.test_cpr_virgin_custom_lookforward) ... ok
test_cpr_virgin_detection 
(test_indicator_trend.TestTrend.test_cpr_virgin_detection) ... ok
test_cpr_virgin_disabled 
(test_indicator_trend.TestTrend.test_cpr_virgin_disabled) ... ok
test_cpr_width_analysis 
(test_indicator_trend.TestTrend.test_cpr_width_analysis) ... ok
test_cpr_with_nans (test_indicator_trend.TestTrend.test_cpr_with_nans) ... ok
test_cpr_woodie (test_indicator_trend.TestTrend.test_cpr_woodie) ... ok
test_decay (test_indicator_trend.TestTrend.test_decay) ... ok
test_decreasing (test_indicator_trend.TestTrend.test_decreasing) ... ok
test_dpo (test_indicator_trend.TestTrend.test_dpo) ... ok
test_dx (test_indicator_trend.TestTrend.test_dx) ... ok
test_increasing (test_indicator_trend.TestTrend.test_increasing) ... ok
test_long_run (test_indicator_trend.TestTrend.test_long_run) ... ok
test_pmax (test_indicator_trend.TestTrend.test_pmax) ... ok
test_psar (test_indicator_trend.TestTrend.test_psar) ... ok
test_qstick (test_indicator_trend.TestTrend.test_qstick) ... ok
test_sarext (test_indicator_trend.TestTrend.test_sarext) ... ok
test_short_run (test_indicator_trend.TestTrend.test_short_run) ... ok
test_tsignals (test_indicator_trend.TestTrend.test_tsignals) ... ok
test_ttm_trend (test_indicator_trend.TestTrend.test_ttm_trend) ... ok
test_vhf (test_indicator_trend.TestTrend.test_vhf) ... ok
test_vortex (test_indicator_trend.TestTrend.test_vortex) ... ok
test_xsignals (test_indicator_trend.TestTrend.test_xsignals) ... ok
test_aberration (test_indicator_values.TestIndicatorValues.test_aberration) 
... ok
test_accbands (test_indicator_values.TestIndicatorValues.test_accbands) ... ok
test_ad (test_indicator_values.TestIndicatorValues.test_ad) ... ok
test_adosc (test_indicator_values.TestIndicatorValues.test_adosc) ... ok
test_adx_14 (test_indicator_values.TestIndicatorValues.test_adx_14) ... ok
test_adxr (test_indicator_values.TestIndicatorValues.test_adxr) ... ok
test_alma_10 (test_indicator_values.TestIndicatorValues.test_alma_10) ... ok
test_amat (test_indicator_values.TestIndicatorValues.test_amat) ... ok
test_ao (test_indicator_values.TestIndicatorValues.test_ao) ... ok
test_aobv (test_indicator_values.TestIndicatorValues.test_aobv) ... ok
test_apo (test_indicator_values.TestIndicatorValues.test_apo) ... ok
test_aroon_14 (test_indicator_values.TestIndicatorValues.test_aroon_14) ... ok
test_atr_14 (test_indicator_values.TestIndicatorValues.test_atr_14) ... ok
test_bbands_20 (test_indicator_values.TestIndicatorValues.test_bbands_20) ... 
ok
test_beta (test_indicator_values.TestIndicatorValues.test_beta) ... ok
test_bias_10 (test_indicator_values.TestIndicatorValues.test_bias_10) ... ok
test_bop (test_indicator_values.TestIndicatorValues.test_bop) ... ok
test_brar (test_indicator_values.TestIndicatorValues.test_brar) ... ok
test_cci_14 (test_indicator_values.TestIndicatorValues.test_cci_14) ... ok
test_cdl_2crows (test_indicator_values.TestIndicatorValues.test_cdl_2crows) 
... ok
test_cdl_3blackcrows 
(test_indicator_values.TestIndicatorValues.test_cdl_3blackcrows) ... ok
test_cdl_3inside (test_indicator_values.TestIndicatorValues.test_cdl_3inside) 
... ok
test_cdl_3linestrike 
(test_indicator_values.TestIndicatorValues.test_cdl_3linestrike) ... ok
test_cdl_3outside 
(test_indicator_values.TestIndicatorValues.test_cdl_3outside) ... ok
test_cdl_3starsinsouth 
(test_indicator_values.TestIndicatorValues.test_cdl_3starsinsouth) ... ok
test_cdl_3whitesoldiers 
(test_indicator_values.TestIndicatorValues.test_cdl_3whitesoldiers) ... ok
test_cdl_abandonedbaby 
(test_indicator_values.TestIndicatorValues.test_cdl_abandonedbaby) ... ok
test_cdl_advanceblock 
(test_indicator_values.TestIndicatorValues.test_cdl_advanceblock) ... ok
test_cdl_belthold 
(test_indicator_values.TestIndicatorValues.test_cdl_belthold) ... ok
test_cdl_breakaway 
(test_indicator_values.TestIndicatorValues.test_cdl_breakaway) ... ok
test_cdl_closingmarubozu 
(test_indicator_values.TestIndicatorValues.test_cdl_closingmarubozu) ... ok
test_cdl_concealbabyswall 
(test_indicator_values.TestIndicatorValues.test_cdl_concealbabyswall) ... ok
test_cdl_counterattack 
(test_indicator_values.TestIndicatorValues.test_cdl_counterattack) ... ok
test_cdl_darkcloudcover 
(test_indicator_values.TestIndicatorValues.test_cdl_darkcloudcover) ... ok
test_cdl_doji (test_indicator_values.TestIndicatorValues.test_cdl_doji) ... ok
test_cdl_dojistar 
(test_indicator_values.TestIndicatorValues.test_cdl_dojistar) ... ok
test_cdl_dragonflydoji 
(test_indicator_values.TestIndicatorValues.test_cdl_dragonflydoji) ... ok
test_cdl_engulfing 
(test_indicator_values.TestIndicatorValues.test_cdl_engulfing) ... ok
test_cdl_eveningdojistar 
(test_indicator_values.TestIndicatorValues.test_cdl_eveningdojistar) ... ok
test_cdl_eveningstar 
(test_indicator_values.TestIndicatorValues.test_cdl_eveningstar) ... ok
test_cdl_gapsidesidewhite 
(test_indicator_values.TestIndicatorValues.test_cdl_gapsidesidewhite) ... ok
test_cdl_gravestonedoji 
(test_indicator_values.TestIndicatorValues.test_cdl_gravestonedoji) ... ok
test_cdl_hammer (test_indicator_values.TestIndicatorValues.test_cdl_hammer) 
... ok
test_cdl_hangingman 
(test_indicator_values.TestIndicatorValues.test_cdl_hangingman) ... ok
test_cdl_harami (test_indicator_values.TestIndicatorValues.test_cdl_harami) 
... ok
test_cdl_haramicross 
(test_indicator_values.TestIndicatorValues.test_cdl_haramicross) ... ok
test_cdl_highwave 
(test_indicator_values.TestIndicatorValues.test_cdl_highwave) ... ok
test_cdl_hikkake (test_indicator_values.TestIndicatorValues.test_cdl_hikkake) 
... ok
test_cdl_hikkakemod 
(test_indicator_values.TestIndicatorValues.test_cdl_hikkakemod) ... ok
test_cdl_homingpigeon 
(test_indicator_values.TestIndicatorValues.test_cdl_homingpigeon) ... ok
test_cdl_identical3crows 
(test_indicator_values.TestIndicatorValues.test_cdl_identical3crows) ... ok
test_cdl_inneck (test_indicator_values.TestIndicatorValues.test_cdl_inneck) 
... ok
test_cdl_inside (test_indicator_values.TestIndicatorValues.test_cdl_inside) 
... ok
test_cdl_invertedhammer 
(test_indicator_values.TestIndicatorValues.test_cdl_invertedhammer) ... ok
test_cdl_kicking (test_indicator_values.TestIndicatorValues.test_cdl_kicking) 
... ok
test_cdl_kickingbylength 
(test_indicator_values.TestIndicatorValues.test_cdl_kickingbylength) ... ok
test_cdl_ladderbottom 
(test_indicator_values.TestIndicatorValues.test_cdl_ladderbottom) ... ok
test_cdl_longleggeddoji 
(test_indicator_values.TestIndicatorValues.test_cdl_longleggeddoji) ... ok
test_cdl_longline 
(test_indicator_values.TestIndicatorValues.test_cdl_longline) ... ok
test_cdl_marubozu 
(test_indicator_values.TestIndicatorValues.test_cdl_marubozu) ... ok
test_cdl_matchinglow 
(test_indicator_values.TestIndicatorValues.test_cdl_matchinglow) ... ok
test_cdl_mathold (test_indicator_values.TestIndicatorValues.test_cdl_mathold) 
... ok
test_cdl_morningdojistar 
(test_indicator_values.TestIndicatorValues.test_cdl_morningdojistar) ... ok
test_cdl_morningstar 
(test_indicator_values.TestIndicatorValues.test_cdl_morningstar) ... ok
test_cdl_onneck (test_indicator_values.TestIndicatorValues.test_cdl_onneck) 
... ok
test_cdl_pattern (test_indicator_values.TestIndicatorValues.test_cdl_pattern) 
... ok
test_cdl_piercing 
(test_indicator_values.TestIndicatorValues.test_cdl_piercing) ... ok
test_cdl_rickshawman 
(test_indicator_values.TestIndicatorValues.test_cdl_rickshawman) ... ok
test_cdl_risefall3methods 
(test_indicator_values.TestIndicatorValues.test_cdl_risefall3methods) ... ok
test_cdl_separatinglines 
(test_indicator_values.TestIndicatorValues.test_cdl_separatinglines) ... ok
test_cdl_shootingstar 
(test_indicator_values.TestIndicatorValues.test_cdl_shootingstar) ... ok
test_cdl_shortline 
(test_indicator_values.TestIndicatorValues.test_cdl_shortline) ... ok
test_cdl_spinningtop 
(test_indicator_values.TestIndicatorValues.test_cdl_spinningtop) ... ok
test_cdl_stalledpattern 
(test_indicator_values.TestIndicatorValues.test_cdl_stalledpattern) ... ok
test_cdl_sticksandwich 
(test_indicator_values.TestIndicatorValues.test_cdl_sticksandwich) ... ok
test_cdl_takuri (test_indicator_values.TestIndicatorValues.test_cdl_takuri) 
... ok
test_cdl_tasukigap 
(test_indicator_values.TestIndicatorValues.test_cdl_tasukigap) ... ok
test_cdl_thrusting 
(test_indicator_values.TestIndicatorValues.test_cdl_thrusting) ... ok
test_cdl_tristar (test_indicator_values.TestIndicatorValues.test_cdl_tristar) 
... ok
test_cdl_unique3river 
(test_indicator_values.TestIndicatorValues.test_cdl_unique3river) ... ok
test_cdl_upsidegap2crows 
(test_indicator_values.TestIndicatorValues.test_cdl_upsidegap2crows) ... ok
test_cdl_xsidegap3methods 
(test_indicator_values.TestIndicatorValues.test_cdl_xsidegap3methods) ... ok
test_cdl_z (test_indicator_values.TestIndicatorValues.test_cdl_z) ... ok
test_ce (test_indicator_values.TestIndicatorValues.test_ce) ... ok
test_cfo_10 (test_indicator_values.TestIndicatorValues.test_cfo_10) ... ok
test_cg (test_indicator_values.TestIndicatorValues.test_cg) ... ok
test_chop (test_indicator_values.TestIndicatorValues.test_chop) ... ok
test_cksp (test_indicator_values.TestIndicatorValues.test_cksp) ... ok
test_cmf_20 (test_indicator_values.TestIndicatorValues.test_cmf_20) ... ok
test_cmo_14 (test_indicator_values.TestIndicatorValues.test_cmo_14) ... ok
test_coppock (test_indicator_values.TestIndicatorValues.test_coppock) ... ok
test_correl (test_indicator_values.TestIndicatorValues.test_correl) ... ok
test_cpr (test_indicator_values.TestIndicatorValues.test_cpr) ... ok
test_cti (test_indicator_values.TestIndicatorValues.test_cti) ... ok
test_decay (test_indicator_values.TestIndicatorValues.test_decay) ... ok
test_decreasing (test_indicator_values.TestIndicatorValues.test_decreasing) 
... ok
test_dema_10 (test_indicator_values.TestIndicatorValues.test_dema_10) ... ok
test_dm_14 (test_indicator_values.TestIndicatorValues.test_dm_14) ... ok
test_donchian_20 (test_indicator_values.TestIndicatorValues.test_donchian_20) 
... ok
test_dpo_14 (test_indicator_values.TestIndicatorValues.test_dpo_14) ... ok
test_drawdown (test_indicator_values.TestIndicatorValues.test_drawdown) ... ok
test_dsp (test_indicator_values.TestIndicatorValues.test_dsp) ... ok
test_ebsw (test_indicator_values.TestIndicatorValues.test_ebsw) ... ok
test_efi (test_indicator_values.TestIndicatorValues.test_efi) ... ok
test_ema_20 (test_indicator_values.TestIndicatorValues.test_ema_20) ... ok
test_entropy_10 (test_indicator_values.TestIndicatorValues.test_entropy_10) 
... ok
test_eom (test_indicator_values.TestIndicatorValues.test_eom) ... ok
test_er (test_indicator_values.TestIndicatorValues.test_er) ... ok
test_eri (test_indicator_values.TestIndicatorValues.test_eri) ... ok
test_fisher (test_indicator_values.TestIndicatorValues.test_fisher) ... ok
test_fwma_10 (test_indicator_values.TestIndicatorValues.test_fwma_10) ... ok
test_ha (test_indicator_values.TestIndicatorValues.test_ha) ... ok
test_hilo (test_indicator_values.TestIndicatorValues.test_hilo) ... ok
test_hl2 (test_indicator_values.TestIndicatorValues.test_hl2) ... ok
test_hlc3 (test_indicator_values.TestIndicatorValues.test_hlc3) ... ok
test_hma_10 (test_indicator_values.TestIndicatorValues.test_hma_10) ... ok
test_ht_dcperiod (test_indicator_values.TestIndicatorValues.test_ht_dcperiod) 
... ok
test_ht_dcphase (test_indicator_values.TestIndicatorValues.test_ht_dcphase) 
... ok
test_ht_phasor (test_indicator_values.TestIndicatorValues.test_ht_phasor) ... 
ok
test_ht_sine (test_indicator_values.TestIndicatorValues.test_ht_sine) ... ok
test_ht_trendline 
(test_indicator_values.TestIndicatorValues.test_ht_trendline) ... ok
test_ht_trendmode 
(test_indicator_values.TestIndicatorValues.test_ht_trendmode) ... ok
test_hwc (test_indicator_values.TestIndicatorValues.test_hwc) ... ok
test_hwma (test_indicator_values.TestIndicatorValues.test_hwma) ... ok
test_ichimoku (test_indicator_values.TestIndicatorValues.test_ichimoku) ... ok
test_increasing (test_indicator_values.TestIndicatorValues.test_increasing) 
... ok
test_inertia (test_indicator_values.TestIndicatorValues.test_inertia) ... ok
test_jma (test_indicator_values.TestIndicatorValues.test_jma) ... ok
test_kama (test_indicator_values.TestIndicatorValues.test_kama) ... ok
test_kc_20 (test_indicator_values.TestIndicatorValues.test_kc_20) ... ok
test_kdj (test_indicator_values.TestIndicatorValues.test_kdj) ... ok
test_kst (test_indicator_values.TestIndicatorValues.test_kst) ... ok
test_kurtosis_20 (test_indicator_values.TestIndicatorValues.test_kurtosis_20) 
... ok
test_kvo (test_indicator_values.TestIndicatorValues.test_kvo) ... ok
test_linreg_14 (test_indicator_values.TestIndicatorValues.test_linreg_14) ... 
ok
test_log_return (test_indicator_values.TestIndicatorValues.test_log_return) 
... ok
test_long_run (test_indicator_values.TestIndicatorValues.test_long_run) ... ok
test_lrsi (test_indicator_values.TestIndicatorValues.test_lrsi) ... ok
test_ma_ema_20 (test_indicator_values.TestIndicatorValues.test_ma_ema_20) ... 
ok
test_macd_12_26_9 
(test_indicator_values.TestIndicatorValues.test_macd_12_26_9) ... ok
test_mad_10 (test_indicator_values.TestIndicatorValues.test_mad_10) ... ok
test_mama (test_indicator_values.TestIndicatorValues.test_mama) ... ok
test_massi (test_indicator_values.TestIndicatorValues.test_massi) ... ok
test_mcgd (test_indicator_values.TestIndicatorValues.test_mcgd) ... ok
test_median_14 (test_indicator_values.TestIndicatorValues.test_median_14) ... 
ok
test_mfi_14 (test_indicator_values.TestIndicatorValues.test_mfi_14) ... ok
test_midpoint_14 (test_indicator_values.TestIndicatorValues.test_midpoint_14) 
... ok
test_midprice_14 (test_indicator_values.TestIndicatorValues.test_midprice_14) 
... ok
test_mmar (test_indicator_values.TestIndicatorValues.test_mmar) ... ok
test_mom_10 (test_indicator_values.TestIndicatorValues.test_mom_10) ... ok
test_natr_14 (test_indicator_values.TestIndicatorValues.test_natr_14) ... ok
test_nvi (test_indicator_values.TestIndicatorValues.test_nvi) ... ok
test_obv (test_indicator_values.TestIndicatorValues.test_obv) ... ok
test_ohlc4 (test_indicator_values.TestIndicatorValues.test_ohlc4) ... ok
test_pdist (test_indicator_values.TestIndicatorValues.test_pdist) ... ok
test_percent_return 
(test_indicator_values.TestIndicatorValues.test_percent_return) ... ok
test_pgo_14 (test_indicator_values.TestIndicatorValues.test_pgo_14) ... ok
test_pmax (test_indicator_values.TestIndicatorValues.test_pmax) ... ok
test_po (test_indicator_values.TestIndicatorValues.test_po) ... ok
test_ppo (test_indicator_values.TestIndicatorValues.test_ppo) ... ok
test_psar (test_indicator_values.TestIndicatorValues.test_psar) ... ok
test_psl (test_indicator_values.TestIndicatorValues.test_psl) ... ok
test_pvi (test_indicator_values.TestIndicatorValues.test_pvi) ... ok
test_pvo (test_indicator_values.TestIndicatorValues.test_pvo) ... ok
test_pvol (test_indicator_values.TestIndicatorValues.test_pvol) ... ok
test_pvr (test_indicator_values.TestIndicatorValues.test_pvr) ... ok
test_pvt (test_indicator_values.TestIndicatorValues.test_pvt) ... ok
test_pwma_10 (test_indicator_values.TestIndicatorValues.test_pwma_10) ... ok
test_qqe (test_indicator_values.TestIndicatorValues.test_qqe) ... ok
test_qstick (test_indicator_values.TestIndicatorValues.test_qstick) ... ok
test_quantile_14 (test_indicator_values.TestIndicatorValues.test_quantile_14) 
... ok
test_rainbow (test_indicator_values.TestIndicatorValues.test_rainbow) ... ok
test_rma (test_indicator_values.TestIndicatorValues.test_rma) ... ok
test_roc_10 (test_indicator_values.TestIndicatorValues.test_roc_10) ... ok
test_rsi_14 (test_indicator_values.TestIndicatorValues.test_rsi_14) ... ok
test_rsx (test_indicator_values.TestIndicatorValues.test_rsx) ... ok
test_rvgi (test_indicator_values.TestIndicatorValues.test_rvgi) ... ok
test_rvi_vol (test_indicator_values.TestIndicatorValues.test_rvi_vol) ... ok
test_short_run (test_indicator_values.TestIndicatorValues.test_short_run) ... 
ok
test_sinwma_14 (test_indicator_values.TestIndicatorValues.test_sinwma_14) ... 
ok
test_skew_20 (test_indicator_values.TestIndicatorValues.test_skew_20) ... ok
test_slope (test_indicator_values.TestIndicatorValues.test_slope) ... ok
test_sma_20 (test_indicator_values.TestIndicatorValues.test_sma_20) ... ok
test_smi (test_indicator_values.TestIndicatorValues.test_smi) ... ok
test_squeeze (test_indicator_values.TestIndicatorValues.test_squeeze) ... ok
test_squeeze_pro (test_indicator_values.TestIndicatorValues.test_squeeze_pro) 
... ok
test_ssf_10 (test_indicator_values.TestIndicatorValues.test_ssf_10) ... ok
test_stc (test_indicator_values.TestIndicatorValues.test_stc) ... ok
test_stdev_20 (test_indicator_values.TestIndicatorValues.test_stdev_20) ... ok
test_stoch (test_indicator_values.TestIndicatorValues.test_stoch) ... ok
test_stochrsi (test_indicator_values.TestIndicatorValues.test_stochrsi) ... ok
test_supertrend (test_indicator_values.TestIndicatorValues.test_supertrend) 
... ok
test_swma (test_indicator_values.TestIndicatorValues.test_swma) ... ok
test_t3_10 (test_indicator_values.TestIndicatorValues.test_t3_10) ... ok
test_td_seq (test_indicator_values.TestIndicatorValues.test_td_seq) ... ok
test_tema_10 (test_indicator_values.TestIndicatorValues.test_tema_10) ... ok
test_thermo (test_indicator_values.TestIndicatorValues.test_thermo) ... ok
test_tos_stdevall 
(test_indicator_values.TestIndicatorValues.test_tos_stdevall) ... ok
test_trima_10 (test_indicator_values.TestIndicatorValues.test_trima_10) ... ok
test_trix (test_indicator_values.TestIndicatorValues.test_trix) ... ok
test_trixh (test_indicator_values.TestIndicatorValues.test_trixh) ... ok
test_true_range (test_indicator_values.TestIndicatorValues.test_true_range) 
... ok
test_tsf_14 (test_indicator_values.TestIndicatorValues.test_tsf_14) ... ok
test_tsi (test_indicator_values.TestIndicatorValues.test_tsi) ... ok
test_tsignals (test_indicator_values.TestIndicatorValues.test_tsignals) ... ok
test_ttm_trend (test_indicator_values.TestIndicatorValues.test_ttm_trend) ... 
ok
test_ui (test_indicator_values.TestIndicatorValues.test_ui) ... ok
test_uo (test_indicator_values.TestIndicatorValues.test_uo) ... ok
test_variance_20 (test_indicator_values.TestIndicatorValues.test_variance_20) 
... ok
test_vfi (test_indicator_values.TestIndicatorValues.test_vfi) ... ok
test_vhf (test_indicator_values.TestIndicatorValues.test_vhf) ... ok
test_vidya (test_indicator_values.TestIndicatorValues.test_vidya) ... ok
test_vortex (test_indicator_values.TestIndicatorValues.test_vortex) ... ok
test_vp (test_indicator_values.TestIndicatorValues.test_vp) ... ok
test_vwap (test_indicator_values.TestIndicatorValues.test_vwap) ... ok
test_vwma_10 (test_indicator_values.TestIndicatorValues.test_vwma_10) ... ok
test_vwmacd (test_indicator_values.TestIndicatorValues.test_vwmacd) ... ok
test_wcp (test_indicator_values.TestIndicatorValues.test_wcp) ... ok
test_willr_14 (test_indicator_values.TestIndicatorValues.test_willr_14) ... ok
test_wma_10 (test_indicator_values.TestIndicatorValues.test_wma_10) ... ok
test_xsignals (test_indicator_values.TestIndicatorValues.test_xsignals) ... ok
test_zlma_10 (test_indicator_values.TestIndicatorValues.test_zlma_10) ... ok
test_zscore_20 (test_indicator_values.TestIndicatorValues.test_zscore_20) ... 
ok
test_aberration (test_indicator_volatility.TestVolatility.test_aberration) ... 
ok
test_accbands (test_indicator_volatility.TestVolatility.test_accbands) ... ok
test_atr (test_indicator_volatility.TestVolatility.test_atr) ... ok
test_bbands (test_indicator_volatility.TestVolatility.test_bbands) ... ok
test_ce (test_indicator_volatility.TestVolatility.test_ce) ... ok
test_cvi (test_indicator_volatility.TestVolatility.test_cvi) ... ok
test_donchian (test_indicator_volatility.TestVolatility.test_donchian) ... ok
test_hvol (test_indicator_volatility.TestVolatility.test_hvol) ... ok
test_hwc (test_indicator_volatility.TestVolatility.test_hwc) ... ok
test_kc (test_indicator_volatility.TestVolatility.test_kc) ... ok
test_massi (test_indicator_volatility.TestVolatility.test_massi) ... ok
test_natr (test_indicator_volatility.TestVolatility.test_natr) ... ok
test_pdist (test_indicator_volatility.TestVolatility.test_pdist) ... ok
test_rvi (test_indicator_volatility.TestVolatility.test_rvi) ... ok
test_thermo (test_indicator_volatility.TestVolatility.test_thermo) ... ok
test_true_range (test_indicator_volatility.TestVolatility.test_true_range) ... 
ok
test_ui (test_indicator_volatility.TestVolatility.test_ui) ... ok
test_ad (test_indicator_volume.TestVolume.test_ad) ... ok
test_ad_open (test_indicator_volume.TestVolume.test_ad_open) ... ok
test_adosc (test_indicator_volume.TestVolume.test_adosc) ... ok
test_aobv (test_indicator_volume.TestVolume.test_aobv) ... ok
test_cmf (test_indicator_volume.TestVolume.test_cmf) ... ok
test_efi (test_indicator_volume.TestVolume.test_efi) ... ok
test_eom (test_indicator_volume.TestVolume.test_eom) ... ok
test_kvo (test_indicator_volume.TestVolume.test_kvo) ... ok
test_marketfi (test_indicator_volume.TestVolume.test_marketfi) ... ok
test_mfi (test_indicator_volume.TestVolume.test_mfi) ... ok
test_nvi (test_indicator_volume.TestVolume.test_nvi) ... ok
test_obv (test_indicator_volume.TestVolume.test_obv) ... ok
test_pvi (test_indicator_volume.TestVolume.test_pvi) ... ok
test_pvol (test_indicator_volume.TestVolume.test_pvol) ... ok
test_pvr (test_indicator_volume.TestVolume.test_pvr) ... ok
test_pvt (test_indicator_volume.TestVolume.test_pvt) ... ok
test_vfi (test_indicator_volume.TestVolume.test_vfi) ... ok
test_vosc (test_indicator_volume.TestVolume.test_vosc) ... ok
test_vp (test_indicator_volume.TestVolume.test_vp) ... ok
test_wad (test_indicator_volume.TestVolume.test_wad) ... ok
test_ema_boundary (test_nan_behaviour.TestBoundaryLength.test_ema_boundary) 
... ok
test_roc_boundary (test_nan_behaviour.TestBoundaryLength.test_roc_boundary) 
... ok
test_rsi_boundary (test_nan_behaviour.TestBoundaryLength.test_rsi_boundary) 
... ok
test_sma_boundary (test_nan_behaviour.TestBoundaryLength.test_sma_boundary) 
... ok
test_stdev_boundary 
(test_nan_behaviour.TestBoundaryLength.test_stdev_boundary) ... ok
test_adx_too_short (test_nan_behaviour.TestTooShortInput.test_adx_too_short) 
... ok
test_atr_too_short (test_nan_behaviour.TestTooShortInput.test_atr_too_short) 
... ok
test_bbands_too_short 
(test_nan_behaviour.TestTooShortInput.test_bbands_too_short) ... ok
test_ema_too_short (test_nan_behaviour.TestTooShortInput.test_ema_too_short) 
... ok
test_roc_too_short (test_nan_behaviour.TestTooShortInput.test_roc_too_short) 
... ok
test_rsi_too_short (test_nan_behaviour.TestTooShortInput.test_rsi_too_short) 
... ok
test_sma_too_short (test_nan_behaviour.TestTooShortInput.test_sma_too_short) 
... ok
test_stdev_too_short 
(test_nan_behaviour.TestTooShortInput.test_stdev_too_short) ... ok
test_ad_no_warmup (test_nan_behaviour.TestWarmupNanPrefix.test_ad_no_warmup) 
... ok
test_atr_warmup (test_nan_behaviour.TestWarmupNanPrefix.test_atr_warmup) ... ok
test_cci_warmup (test_nan_behaviour.TestWarmupNanPrefix.test_cci_warmup) ... ok
test_ema_warmup (test_nan_behaviour.TestWarmupNanPrefix.test_ema_warmup) ... ok
test_mom_warmup (test_nan_behaviour.TestWarmupNanPrefix.test_mom_warmup) ... ok
test_obv_no_warmup (test_nan_behaviour.TestWarmupNanPrefix.test_obv_no_warmup) 
... ok
test_roc_warmup (test_nan_behaviour.TestWarmupNanPrefix.test_roc_warmup) ... ok
test_rsi_warmup (test_nan_behaviour.TestWarmupNanPrefix.test_rsi_warmup) ... ok
test_sma_warmup (test_nan_behaviour.TestWarmupNanPrefix.test_sma_warmup) ... ok
test_stdev_warmup (test_nan_behaviour.TestWarmupNanPrefix.test_stdev_warmup) 
... ok
test_true_range_warmup 
(test_nan_behaviour.TestWarmupNanPrefix.test_true_range_warmup) ... ok
test_willr_warmup (test_nan_behaviour.TestWarmupNanPrefix.test_willr_warmup) 
... ok
test_wma_warmup (test_nan_behaviour.TestWarmupNanPrefix.test_wma_warmup) ... ok
test_zscore_warmup (test_nan_behaviour.TestWarmupNanPrefix.test_zscore_warmup) 
... ok
test_cdl_doji (test_native_indicators.TestNativeCandles.test_cdl_doji) ... ok
test_cdl_inside (test_native_indicators.TestNativeCandles.test_cdl_inside) ... 
ok
test_ha (test_native_indicators.TestNativeCandles.test_ha) ... ok
test_dsp (test_native_indicators.TestNativeCycles.test_dsp) ... ok
test_ebsw (test_native_indicators.TestNativeCycles.test_ebsw) ... ok
test_ao (test_native_indicators.TestNativeMomentum.test_ao) ... ok
test_bias (test_native_indicators.TestNativeMomentum.test_bias) ... ok
test_brar (test_native_indicators.TestNativeMomentum.test_brar) ... ok
test_cfo (test_native_indicators.TestNativeMomentum.test_cfo) ... ok
test_cg (test_native_indicators.TestNativeMomentum.test_cg) ... ok
test_coppock (test_native_indicators.TestNativeMomentum.test_coppock) ... ok
test_cti (test_native_indicators.TestNativeMomentum.test_cti) ... ok
test_dpo (test_native_indicators.TestNativeMomentum.test_dpo) ... ok
test_er (test_native_indicators.TestNativeMomentum.test_er) ... ok
test_eri (test_native_indicators.TestNativeMomentum.test_eri) ... ok
test_fisher (test_native_indicators.TestNativeMomentum.test_fisher) ... ok
test_inertia (test_native_indicators.TestNativeMomentum.test_inertia) ... ok
test_kdj (test_native_indicators.TestNativeMomentum.test_kdj) ... ok
test_kst (test_native_indicators.TestNativeMomentum.test_kst) ... ok
test_lrsi (test_native_indicators.TestNativeMomentum.test_lrsi) ... ok
test_pgo (test_native_indicators.TestNativeMomentum.test_pgo) ... ok
test_po (test_native_indicators.TestNativeMomentum.test_po) ... ok
test_psl (test_native_indicators.TestNativeMomentum.test_psl) ... ok
test_qqe (test_native_indicators.TestNativeMomentum.test_qqe) ... ok
test_rsx (test_native_indicators.TestNativeMomentum.test_rsx) ... ok
test_rvgi (test_native_indicators.TestNativeMomentum.test_rvgi) ... ok
test_rvi_momentum 
(test_native_indicators.TestNativeMomentum.test_rvi_momentum) ... ok
test_smi (test_native_indicators.TestNativeMomentum.test_smi) ... ok
test_stochrsi (test_native_indicators.TestNativeMomentum.test_stochrsi) ... ok
test_td_seq (test_native_indicators.TestNativeMomentum.test_td_seq) ... ok
test_tsi (test_native_indicators.TestNativeMomentum.test_tsi) ... ok
test_accbands (test_native_indicators.TestNativeOverlap.test_accbands) ... ok
test_alma (test_native_indicators.TestNativeOverlap.test_alma) ... ok
test_fwma (test_native_indicators.TestNativeOverlap.test_fwma) ... ok
test_hl2 (test_native_indicators.TestNativeOverlap.test_hl2) ... ok
test_hma (test_native_indicators.TestNativeOverlap.test_hma) ... ok
test_hwc (test_native_indicators.TestNativeOverlap.test_hwc) ... ok
test_hwma (test_native_indicators.TestNativeOverlap.test_hwma) ... ok
test_jma (test_native_indicators.TestNativeOverlap.test_jma) ... ok
test_kama (test_native_indicators.TestNativeOverlap.test_kama) ... ok
test_linreg (test_native_indicators.TestNativeOverlap.test_linreg) ... ok
test_ma_dispatcher 
(test_native_indicators.TestNativeOverlap.test_ma_dispatcher)
ta.ma() dispatcher must produce the same result as calling ema directly. ... ok
test_mcgd (test_native_indicators.TestNativeOverlap.test_mcgd) ... ok
test_ohlc4 (test_native_indicators.TestNativeOverlap.test_ohlc4) ... ok
test_pwma (test_native_indicators.TestNativeOverlap.test_pwma) ... ok
test_rma (test_native_indicators.TestNativeOverlap.test_rma) ... ok
test_sinwma (test_native_indicators.TestNativeOverlap.test_sinwma) ... ok
test_ssf (test_native_indicators.TestNativeOverlap.test_ssf) ... ok
test_swma (test_native_indicators.TestNativeOverlap.test_swma) ... ok
test_tsf (test_native_indicators.TestNativeOverlap.test_tsf) ... ok
test_vidya (test_native_indicators.TestNativeOverlap.test_vidya) ... ok
test_vwma (test_native_indicators.TestNativeOverlap.test_vwma) ... ok
test_zlma (test_native_indicators.TestNativeOverlap.test_zlma) ... ok
test_drawdown (test_native_indicators.TestNativePerformance.test_drawdown) ... 
ok
test_log_return (test_native_indicators.TestNativePerformance.test_log_return) 
... ok
test_log_return_cumulative 
(test_native_indicators.TestNativePerformance.test_log_return_cumulative) ... 
ok
test_percent_return 
(test_native_indicators.TestNativePerformance.test_percent_return) ... ok
test_percent_return_cumulative 
(test_native_indicators.TestNativePerformance.test_percent_return_cumulative) 
... ok
test_slope (test_native_indicators.TestNativePerformance.test_slope) ... ok
test_entropy (test_native_indicators.TestNativeStatistics.test_entropy) ... ok
test_kurtosis (test_native_indicators.TestNativeStatistics.test_kurtosis) ... 
ok
test_mad (test_native_indicators.TestNativeStatistics.test_mad) ... ok
test_massi (test_native_indicators.TestNativeStatistics.test_massi) ... ok
test_median (test_native_indicators.TestNativeStatistics.test_median) ... ok
test_quantile (test_native_indicators.TestNativeStatistics.test_quantile) ... 
ok
test_skew (test_native_indicators.TestNativeStatistics.test_skew) ... ok
test_variance (test_native_indicators.TestNativeStatistics.test_variance) ... 
ok
test_zscore (test_native_indicators.TestNativeStatistics.test_zscore) ... ok
test_adx (test_native_indicators.TestNativeTrend.test_adx) ... ok
test_adxr (test_native_indicators.TestNativeTrend.test_adxr) ... ok
test_amat (test_native_indicators.TestNativeTrend.test_amat) ... ok
test_aroon (test_native_indicators.TestNativeTrend.test_aroon) ... ok
test_ce (test_native_indicators.TestNativeTrend.test_ce) ... ok
test_cksp (test_native_indicators.TestNativeTrend.test_cksp) ... ok
test_decay (test_native_indicators.TestNativeTrend.test_decay) ... ok
test_decreasing (test_native_indicators.TestNativeTrend.test_decreasing) ... ok
test_hilo (test_native_indicators.TestNativeTrend.test_hilo) ... ok
test_increasing (test_native_indicators.TestNativeTrend.test_increasing) ... ok
test_long_run (test_native_indicators.TestNativeTrend.test_long_run) ... ok
test_pmax (test_native_indicators.TestNativeTrend.test_pmax) ... ok
test_psar (test_native_indicators.TestNativeTrend.test_psar) ... ok
test_short_run (test_native_indicators.TestNativeTrend.test_short_run) ... ok
test_supertrend (test_native_indicators.TestNativeTrend.test_supertrend) ... ok
test_ttm_trend (test_native_indicators.TestNativeTrend.test_ttm_trend) ... ok
test_vortex (test_native_indicators.TestNativeTrend.test_vortex) ... ok
test_aberration (test_native_indicators.TestNativeVolatility.test_aberration) 
... ok
test_chop (test_native_indicators.TestNativeVolatility.test_chop) ... ok
test_donchian (test_native_indicators.TestNativeVolatility.test_donchian) ... 
ok
test_kc (test_native_indicators.TestNativeVolatility.test_kc) ... ok
test_pdist (test_native_indicators.TestNativeVolatility.test_pdist) ... ok
test_squeeze (test_native_indicators.TestNativeVolatility.test_squeeze) ... ok
test_squeeze_pro 
(test_native_indicators.TestNativeVolatility.test_squeeze_pro) ... ok
test_thermo (test_native_indicators.TestNativeVolatility.test_thermo) ... ok
test_ui (test_native_indicators.TestNativeVolatility.test_ui) ... ok
test_aobv (test_native_indicators.TestNativeVolume.test_aobv) ... ok
test_efi (test_native_indicators.TestNativeVolume.test_efi) ... ok
test_eom (test_native_indicators.TestNativeVolume.test_eom) ... ok
test_kvo (test_native_indicators.TestNativeVolume.test_kvo) ... ok
test_nvi (test_native_indicators.TestNativeVolume.test_nvi) ... ok
test_pvi (test_native_indicators.TestNativeVolume.test_pvi) ... ok
test_pvo (test_native_indicators.TestNativeVolume.test_pvo) ... ok
test_pvol (test_native_indicators.TestNativeVolume.test_pvol) ... ok
test_pvr (test_native_indicators.TestNativeVolume.test_pvr) ... ok
test_pvt (test_native_indicators.TestNativeVolume.test_pvt) ... ok
test_vfi (test_native_indicators.TestNativeVolume.test_vfi) ... ok
test_vhf (test_native_indicators.TestNativeVolume.test_vhf) ... ok
test_vwap (test_native_indicators.TestNativeVolume.test_vwap) ... ok
test_vwmacd (test_native_indicators.TestNativeVolume.test_vwmacd) ... ok
test_candle_oracle (test_oracle_talib.TestTaLibCandleOracle.test_candle_oracle)
Single parametrised test covering all 59 TA-Lib parity patterns. ... ok
test_ad (test_oracle_talib.TestTaLibOracle.test_ad) ... ok
test_adosc (test_oracle_talib.TestTaLibOracle.test_adosc) ... ok
test_adx (test_oracle_talib.TestTaLibOracle.test_adx) ... ok
test_adxr (test_oracle_talib.TestTaLibOracle.test_adxr) ... ok
test_apo (test_oracle_talib.TestTaLibOracle.test_apo) ... ok
test_aroon_down (test_oracle_talib.TestTaLibOracle.test_aroon_down) ... ok
test_aroon_up (test_oracle_talib.TestTaLibOracle.test_aroon_up) ... ok
test_aroonosc (test_oracle_talib.TestTaLibOracle.test_aroonosc) ... ok
test_atr (test_oracle_talib.TestTaLibOracle.test_atr) ... ok
test_avgprice (test_oracle_talib.TestTaLibOracle.test_avgprice) ... ok
test_bbands_lower (test_oracle_talib.TestTaLibOracle.test_bbands_lower) ... ok
test_bbands_upper (test_oracle_talib.TestTaLibOracle.test_bbands_upper) ... ok
test_bop (test_oracle_talib.TestTaLibOracle.test_bop) ... ok
test_cci (test_oracle_talib.TestTaLibOracle.test_cci) ... ok
test_cmo (test_oracle_talib.TestTaLibOracle.test_cmo) ... ok
test_dema (test_oracle_talib.TestTaLibOracle.test_dema) ... ok
test_dm_minus (test_oracle_talib.TestTaLibOracle.test_dm_minus) ... ok
test_dm_plus (test_oracle_talib.TestTaLibOracle.test_dm_plus) ... ok
test_dx (test_oracle_talib.TestTaLibOracle.test_dx) ... ok
test_ema (test_oracle_talib.TestTaLibOracle.test_ema) ... ok
test_kama (test_oracle_talib.TestTaLibOracle.test_kama) ... ok
test_linreg (test_oracle_talib.TestTaLibOracle.test_linreg) ... ok
test_macd_hist (test_oracle_talib.TestTaLibOracle.test_macd_hist) ... ok
test_macd_line (test_oracle_talib.TestTaLibOracle.test_macd_line) ... ok
test_macd_signal (test_oracle_talib.TestTaLibOracle.test_macd_signal) ... ok
test_macdext_hist (test_oracle_talib.TestTaLibOracle.test_macdext_hist) ... ok
test_macdext_line (test_oracle_talib.TestTaLibOracle.test_macdext_line) ... ok
test_macdext_signal (test_oracle_talib.TestTaLibOracle.test_macdext_signal) 
... ok
test_macdfix_hist (test_oracle_talib.TestTaLibOracle.test_macdfix_hist) ... ok
test_macdfix_line (test_oracle_talib.TestTaLibOracle.test_macdfix_line) ... ok
test_macdfix_signal (test_oracle_talib.TestTaLibOracle.test_macdfix_signal) 
... ok
test_medprice (test_oracle_talib.TestTaLibOracle.test_medprice) ... ok
test_mfi (test_oracle_talib.TestTaLibOracle.test_mfi) ... ok
test_minus_dm (test_oracle_talib.TestTaLibOracle.test_minus_dm) ... ok
test_mom (test_oracle_talib.TestTaLibOracle.test_mom) ... ok
test_natr (test_oracle_talib.TestTaLibOracle.test_natr) ... ok
test_obv (test_oracle_talib.TestTaLibOracle.test_obv) ... ok
test_plus_dm (test_oracle_talib.TestTaLibOracle.test_plus_dm) ... ok
test_ppo (test_oracle_talib.TestTaLibOracle.test_ppo) ... ok
test_psar (test_oracle_talib.TestTaLibOracle.test_psar)
PSARl (long stop) combined with PSARs (short stop) matches TA-Lib SAR. ... ok
test_roc (test_oracle_talib.TestTaLibOracle.test_roc) ... ok
test_rocr (test_oracle_talib.TestTaLibOracle.test_rocr) ... ok
test_rsi (test_oracle_talib.TestTaLibOracle.test_rsi) ... ok
test_sarext (test_oracle_talib.TestTaLibOracle.test_sarext)
SAREXT: The pandas-ta-classic native implementation uses a simplified ... ok
test_sma (test_oracle_talib.TestTaLibOracle.test_sma) ... ok
test_stdev (test_oracle_talib.TestTaLibOracle.test_stdev) ... ok
test_stoch_d (test_oracle_talib.TestTaLibOracle.test_stoch_d) ... ok
test_stoch_k (test_oracle_talib.TestTaLibOracle.test_stoch_k) ... ok
test_stochf_d (test_oracle_talib.TestTaLibOracle.test_stochf_d) ... ok
test_stochf_k (test_oracle_talib.TestTaLibOracle.test_stochf_k) ... ok
test_stochrsi_d (test_oracle_talib.TestTaLibOracle.test_stochrsi_d) ... ok
test_stochrsi_k (test_oracle_talib.TestTaLibOracle.test_stochrsi_k) ... ok
test_tema (test_oracle_talib.TestTaLibOracle.test_tema) ... ok
test_trima (test_oracle_talib.TestTaLibOracle.test_trima) ... ok
test_tsf (test_oracle_talib.TestTaLibOracle.test_tsf) ... ok
test_typprice (test_oracle_talib.TestTaLibOracle.test_typprice) ... ok
test_variance (test_oracle_talib.TestTaLibOracle.test_variance) ... ok
test_willr (test_oracle_talib.TestTaLibOracle.test_willr) ... ok
test_wma (test_oracle_talib.TestTaLibOracle.test_wma) ... ok
test_ao (test_oracle_tulipy.TestTulipyOracle.test_ao) ... skipped 'tulipy not 
installed'
test_aroon_down (test_oracle_tulipy.TestTulipyOracle.test_aroon_down) ... 
skipped 'tulipy not installed'
test_aroon_up (test_oracle_tulipy.TestTulipyOracle.test_aroon_up) ... skipped 
'tulipy not installed'
test_aroonosc (test_oracle_tulipy.TestTulipyOracle.test_aroonosc) ... skipped 
'tulipy not installed'
test_atr (test_oracle_tulipy.TestTulipyOracle.test_atr) ... skipped 'tulipy 
not installed'
test_avgprice (test_oracle_tulipy.TestTulipyOracle.test_avgprice) ... skipped 
'tulipy not installed'
test_bbands_lower (test_oracle_tulipy.TestTulipyOracle.test_bbands_lower) ... 
skipped 'tulipy not installed'
test_bbands_upper (test_oracle_tulipy.TestTulipyOracle.test_bbands_upper) ... 
skipped 'tulipy not installed'
test_bop (test_oracle_tulipy.TestTulipyOracle.test_bop) ... skipped 'tulipy 
not installed'
test_cci (test_oracle_tulipy.TestTulipyOracle.test_cci) ... skipped 'tulipy 
not installed'
test_cmo (test_oracle_tulipy.TestTulipyOracle.test_cmo) ... skipped 'tulipy 
not installed'
test_cvi (test_oracle_tulipy.TestTulipyOracle.test_cvi) ... skipped 'tulipy 
not installed'
test_dema (test_oracle_tulipy.TestTulipyOracle.test_dema) ... skipped 'tulipy 
not installed'
test_dpo (test_oracle_tulipy.TestTulipyOracle.test_dpo) ... skipped 'tulipy 
not installed'
test_dx (test_oracle_tulipy.TestTulipyOracle.test_dx) ... skipped 'tulipy not 
installed'
test_edecay (test_oracle_tulipy.TestTulipyOracle.test_edecay) ... skipped 
'tulipy not installed'
test_ema (test_oracle_tulipy.TestTulipyOracle.test_ema) ... skipped 'tulipy 
not installed'
test_emv (test_oracle_tulipy.TestTulipyOracle.test_emv) ... skipped 'tulipy 
not installed'
test_fisher_sig (test_oracle_tulipy.TestTulipyOracle.test_fisher_sig) ... 
skipped 'tulipy not installed'
test_fisher_val (test_oracle_tulipy.TestTulipyOracle.test_fisher_val) ... 
skipped 'tulipy not installed'
test_fosc (test_oracle_tulipy.TestTulipyOracle.test_fosc) ... skipped 'tulipy 
not installed'
test_fosc_stat (test_oracle_tulipy.TestTulipyOracle.test_fosc_stat) ... 
skipped 'tulipy not installed'
test_hma (test_oracle_tulipy.TestTulipyOracle.test_hma) ... skipped 'tulipy 
not installed'
test_kama (test_oracle_tulipy.TestTulipyOracle.test_kama) ... skipped 'tulipy 
not installed'
test_lag (test_oracle_tulipy.TestTulipyOracle.test_lag) ... skipped 'tulipy 
not installed'
test_linreg (test_oracle_tulipy.TestTulipyOracle.test_linreg) ... skipped 
'tulipy not installed'
test_macd (test_oracle_tulipy.TestTulipyOracle.test_macd) ... skipped 'tulipy 
not installed'
test_md (test_oracle_tulipy.TestTulipyOracle.test_md) ... skipped 'tulipy not 
installed'
test_medprice (test_oracle_tulipy.TestTulipyOracle.test_medprice) ... skipped 
'tulipy not installed'
test_mfi (test_oracle_tulipy.TestTulipyOracle.test_mfi) ... skipped 'tulipy 
not installed'
test_mom (test_oracle_tulipy.TestTulipyOracle.test_mom) ... skipped 'tulipy 
not installed'
test_msw_lead (test_oracle_tulipy.TestTulipyOracle.test_msw_lead) ... skipped 
'tulipy not installed'
test_msw_sine (test_oracle_tulipy.TestTulipyOracle.test_msw_sine) ... skipped 
'tulipy not installed'
test_natr (test_oracle_tulipy.TestTulipyOracle.test_natr) ... skipped 'tulipy 
not installed'
test_obv (test_oracle_tulipy.TestTulipyOracle.test_obv) ... skipped 'tulipy 
not installed'
test_qstick (test_oracle_tulipy.TestTulipyOracle.test_qstick) ... skipped 
'tulipy not installed'
test_rma (test_oracle_tulipy.TestTulipyOracle.test_rma) ... skipped 'tulipy 
not installed'
test_roc (test_oracle_tulipy.TestTulipyOracle.test_roc) ... skipped 'tulipy 
not installed'
test_rocr (test_oracle_tulipy.TestTulipyOracle.test_rocr) ... skipped 'tulipy 
not installed'
test_rsi (test_oracle_tulipy.TestTulipyOracle.test_rsi) ... skipped 'tulipy 
not installed'
test_sma (test_oracle_tulipy.TestTulipyOracle.test_sma) ... skipped 'tulipy 
not installed'
test_stderr (test_oracle_tulipy.TestTulipyOracle.test_stderr) ... skipped 
'tulipy not installed'
test_stdev (test_oracle_tulipy.TestTulipyOracle.test_stdev) ... skipped 
'tulipy not installed'
test_stoch_d (test_oracle_tulipy.TestTulipyOracle.test_stoch_d) ... skipped 
'tulipy not installed'
test_stoch_k (test_oracle_tulipy.TestTulipyOracle.test_stoch_k) ... skipped 
'tulipy not installed'
test_stochrsi (test_oracle_tulipy.TestTulipyOracle.test_stochrsi) ... skipped 
'tulipy not installed'
test_tema (test_oracle_tulipy.TestTulipyOracle.test_tema) ... skipped 'tulipy 
not installed'
test_trima (test_oracle_tulipy.TestTulipyOracle.test_trima) ... skipped 
'tulipy not installed'
test_trix (test_oracle_tulipy.TestTulipyOracle.test_trix) ... skipped 'tulipy 
not installed'
test_tsf (test_oracle_tulipy.TestTulipyOracle.test_tsf) ... skipped 'tulipy 
not installed'
test_typprice (test_oracle_tulipy.TestTulipyOracle.test_typprice) ... skipped 
'tulipy not installed'
test_variance (test_oracle_tulipy.TestTulipyOracle.test_variance) ... skipped 
'tulipy not installed'
test_vhf (test_oracle_tulipy.TestTulipyOracle.test_vhf) ... skipped 'tulipy 
not installed'
test_vwma (test_oracle_tulipy.TestTulipyOracle.test_vwma) ... skipped 'tulipy 
not installed'
test_wad (test_oracle_tulipy.TestTulipyOracle.test_wad) ... skipped 'tulipy 
not installed'
test_wcp (test_oracle_tulipy.TestTulipyOracle.test_wcp) ... skipped 'tulipy 
not installed'
test_willr (test_oracle_tulipy.TestTulipyOracle.test_willr) ... skipped 
'tulipy not installed'
test_wma (test_oracle_tulipy.TestTulipyOracle.test_wma) ... skipped 'tulipy 
not installed'
test_zlma (test_oracle_tulipy.TestTulipyOracle.test_zlma) ... skipped 'tulipy 
not installed'
test_ad (test_regression.TestRegressionSnapshots.test_ad) ... ok
test_adx_14 (test_regression.TestRegressionSnapshots.test_adx_14) ... ok
test_alma_10 (test_regression.TestRegressionSnapshots.test_alma_10) ... ok
test_ao (test_regression.TestRegressionSnapshots.test_ao) ... ok
test_aroon_14 (test_regression.TestRegressionSnapshots.test_aroon_14) ... ok
test_atr_14 (test_regression.TestRegressionSnapshots.test_atr_14) ... ok
test_bbands_20 (test_regression.TestRegressionSnapshots.test_bbands_20) ... ok
test_bop (test_regression.TestRegressionSnapshots.test_bop) ... ok
test_cci_14 (test_regression.TestRegressionSnapshots.test_cci_14) ... ok
test_cmf_20 (test_regression.TestRegressionSnapshots.test_cmf_20) ... ok
test_decreasing (test_regression.TestRegressionSnapshots.test_decreasing) ... 
ok
test_dema_10 (test_regression.TestRegressionSnapshots.test_dema_10) ... ok
test_donchian_20 (test_regression.TestRegressionSnapshots.test_donchian_20) 
... ok
test_ebsw (test_regression.TestRegressionSnapshots.test_ebsw) ... ok
test_ema_20 (test_regression.TestRegressionSnapshots.test_ema_20) ... ok
test_ha (test_regression.TestRegressionSnapshots.test_ha) ... ok
test_hl2 (test_regression.TestRegressionSnapshots.test_hl2) ... ok
test_hlc3 (test_regression.TestRegressionSnapshots.test_hlc3) ... ok
test_hma_10 (test_regression.TestRegressionSnapshots.test_hma_10) ... ok
test_increasing (test_regression.TestRegressionSnapshots.test_increasing) ... 
ok
test_kc_20 (test_regression.TestRegressionSnapshots.test_kc_20) ... ok
test_kurtosis_20 (test_regression.TestRegressionSnapshots.test_kurtosis_20) 
... ok
test_log_return (test_regression.TestRegressionSnapshots.test_log_return) ... 
ok
test_macd_12_26_9 (test_regression.TestRegressionSnapshots.test_macd_12_26_9) 
... ok
test_mfi_14 (test_regression.TestRegressionSnapshots.test_mfi_14) ... ok
test_mom_10 (test_regression.TestRegressionSnapshots.test_mom_10) ... ok
test_natr_14 (test_regression.TestRegressionSnapshots.test_natr_14) ... ok
test_obv (test_regression.TestRegressionSnapshots.test_obv) ... ok
test_ohlc4 (test_regression.TestRegressionSnapshots.test_ohlc4) ... ok
test_percent_return 
(test_regression.TestRegressionSnapshots.test_percent_return) ... ok
test_psar (test_regression.TestRegressionSnapshots.test_psar) ... ok
test_roc_10 (test_regression.TestRegressionSnapshots.test_roc_10) ... ok
test_rsi_14 (test_regression.TestRegressionSnapshots.test_rsi_14) ... ok
test_skew_20 (test_regression.TestRegressionSnapshots.test_skew_20) ... ok
test_sma_20 (test_regression.TestRegressionSnapshots.test_sma_20) ... ok
test_stdev_20 (test_regression.TestRegressionSnapshots.test_stdev_20) ... ok
test_stoch (test_regression.TestRegressionSnapshots.test_stoch) ... ok
test_tema_10 (test_regression.TestRegressionSnapshots.test_tema_10) ... ok
test_trima_10 (test_regression.TestRegressionSnapshots.test_trima_10) ... ok
test_true_range (test_regression.TestRegressionSnapshots.test_true_range) ... 
ok
test_willr_14 (test_regression.TestRegressionSnapshots.test_willr_14) ... ok
test_wma_10 (test_regression.TestRegressionSnapshots.test_wma_10) ... ok
test_zscore_20 (test_regression.TestRegressionSnapshots.test_zscore_20) ... ok
test_created_is_string 
(test_strategy.TestStrategyDataclass.test_created_is_string) ... ok
test_created_uses_default_factory 
(test_strategy.TestStrategyDataclass.test_created_uses_default_factory)
Verify created uses field(default_factory=...) so each instance gets its own 
timestamp. ... ok
test_empty_ta_list_accepted 
(test_strategy.TestStrategyDataclass.test_empty_ta_list_accepted)
Strategy(ta=[]) must be accepted (PR #96 behavior change). ... ok
test_invalid_name_raises_value_error 
(test_strategy.TestStrategyDataclass.test_invalid_name_raises_value_error)
Strategy(name=123) must raise ValueError (PR #96 breaking change). ... ok
test_invalid_ta_type_raises_value_error 
(test_strategy.TestStrategyDataclass.test_invalid_ta_type_raises_value_error)
Non-list ta must raise ValueError. ... ok
test_ta_none_accepted 
(test_strategy.TestStrategyDataclass.test_ta_none_accepted)
ta=None is valid; used by AllStrategy to mean 'run all'. ... ok
test_valid_name_and_ta_list 
(test_strategy.TestStrategyDataclass.test_valid_name_and_ta_list) ... ok
test_all (test_strategy.TestStrategyMethods.test_all) ... ok
test_all_multiparams_strategy 
(test_strategy.TestStrategyMethods.test_all_multiparams_strategy) ... ok
test_all_name_strategy 
(test_strategy.TestStrategyMethods.test_all_name_strategy) ... ok
test_all_no_multiprocessing 
(test_strategy.TestStrategyMethods.test_all_no_multiprocessing) ... ok
test_all_ordered (test_strategy.TestStrategyMethods.test_all_ordered) ... ok
test_all_strategy (test_strategy.TestStrategyMethods.test_all_strategy) ... ok
test_candles_category 
(test_strategy.TestStrategyMethods.test_candles_category) ... ok
test_common (test_strategy.TestStrategyMethods.test_common) ... ok
test_custom_a (test_strategy.TestStrategyMethods.test_custom_a) ... ok
test_custom_args_tuple 
(test_strategy.TestStrategyMethods.test_custom_args_tuple) ... ok
test_custom_col_names_tuple 
(test_strategy.TestStrategyMethods.test_custom_col_names_tuple) ... ok
test_custom_col_numbers_tuple 
(test_strategy.TestStrategyMethods.test_custom_col_numbers_tuple) ... ok
test_custom_no_multiprocessing 
(test_strategy.TestStrategyMethods.test_custom_no_multiprocessing) ... ok
test_cycles_category (test_strategy.TestStrategyMethods.test_cycles_category) 
... ok
test_momentum_category 
(test_strategy.TestStrategyMethods.test_momentum_category) ... ok
test_overlap_category 
(test_strategy.TestStrategyMethods.test_overlap_category) ... ok
test_performance_category 
(test_strategy.TestStrategyMethods.test_performance_category) ... ok
test_statistics_category 
(test_strategy.TestStrategyMethods.test_statistics_category) ... ok
test_trend_category (test_strategy.TestStrategyMethods.test_trend_category) 
... ok
test_volatility_category 
(test_strategy.TestStrategyMethods.test_volatility_category) ... ok
test_volume_category (test_strategy.TestStrategyMethods.test_volume_category) 
... ok
test_bfill (test_utils.TestApplyFill.test_bfill) ... ok
test_dataframe_ffill (test_utils.TestApplyFill.test_dataframe_ffill) ... ok
test_dataframe_fillna (test_utils.TestApplyFill.test_dataframe_fillna) ... ok
test_ffill (test_utils.TestApplyFill.test_ffill) ... ok
test_fillna_preserves_existing 
(test_utils.TestApplyFill.test_fillna_preserves_existing) ... ok
test_fillna_then_fill_method 
(test_utils.TestApplyFill.test_fillna_then_fill_method) ... ok
test_fillna_value (test_utils.TestApplyFill.test_fillna_value) ... ok
test_list_ffill (test_utils.TestApplyFill.test_list_ffill) ... ok
test_list_fillna (test_utils.TestApplyFill.test_list_fillna) ... ok
test_no_kwargs_is_noop (test_utils.TestApplyFill.test_no_kwargs_is_noop) ... ok
test_unknown_fill_method_ignored 
(test_utils.TestApplyFill.test_unknown_fill_method_ignored) ... ok
test_dataframe_offset (test_utils.TestApplyOffset.test_dataframe_offset) ... ok
test_list_offset (test_utils.TestApplyOffset.test_list_offset) ... ok
test_list_unpack (test_utils.TestApplyOffset.test_list_unpack) ... ok
test_negative_offset (test_utils.TestApplyOffset.test_negative_offset) ... ok
test_offset_default_zero (test_utils.TestApplyOffset.test_offset_default_zero) 
... ok
test_offset_zero_returns_same_object 
(test_utils.TestApplyOffset.test_offset_zero_returns_same_object) ... ok
test_positive_offset (test_utils.TestApplyOffset.test_positive_offset) ... ok
test_none_guard_ao (test_utils.TestNoneGuards.test_none_guard_ao) ... ok
test_none_guard_bbands (test_utils.TestNoneGuards.test_none_guard_bbands) ... 
ok
test_none_guard_cci (test_utils.TestNoneGuards.test_none_guard_cci) ... ok
test_none_guard_cdl_doji (test_utils.TestNoneGuards.test_none_guard_cdl_doji) 
... ok
test_none_guard_cfo (test_utils.TestNoneGuards.test_none_guard_cfo) ... ok
test_none_guard_coppock (test_utils.TestNoneGuards.test_none_guard_coppock) 
... ok
test_none_guard_cti (test_utils.TestNoneGuards.test_none_guard_cti) ... ok
test_none_guard_dema (test_utils.TestNoneGuards.test_none_guard_dema) ... ok
test_none_guard_dpo (test_utils.TestNoneGuards.test_none_guard_dpo) ... ok
test_none_guard_dsp (test_utils.TestNoneGuards.test_none_guard_dsp) ... ok
test_none_guard_eri (test_utils.TestNoneGuards.test_none_guard_eri) ... ok
test_none_guard_hma (test_utils.TestNoneGuards.test_none_guard_hma) ... ok
test_none_guard_inertia (test_utils.TestNoneGuards.test_none_guard_inertia) 
... ok
test_none_guard_kdj (test_utils.TestNoneGuards.test_none_guard_kdj) ... ok
test_none_guard_macd (test_utils.TestNoneGuards.test_none_guard_macd) ... ok
test_none_guard_massi (test_utils.TestNoneGuards.test_none_guard_massi) ... ok
test_none_guard_mmar (test_utils.TestNoneGuards.test_none_guard_mmar) ... ok
test_none_guard_po (test_utils.TestNoneGuards.test_none_guard_po) ... ok
test_none_guard_qqe (test_utils.TestNoneGuards.test_none_guard_qqe) ... ok
test_none_guard_qstick (test_utils.TestNoneGuards.test_none_guard_qstick) ... 
ok
test_none_guard_smi (test_utils.TestNoneGuards.test_none_guard_smi) ... ok
test_none_guard_squeeze (test_utils.TestNoneGuards.test_none_guard_squeeze) 
... ok
test_none_guard_squeeze_pro 
(test_utils.TestNoneGuards.test_none_guard_squeeze_pro) ... ok
test_none_guard_stdev (test_utils.TestNoneGuards.test_none_guard_stdev) ... ok
test_none_guard_supertrend 
(test_utils.TestNoneGuards.test_none_guard_supertrend) ... ok
test_none_guard_t3 (test_utils.TestNoneGuards.test_none_guard_t3) ... ok
test_none_guard_tema (test_utils.TestNoneGuards.test_none_guard_tema) ... ok
test_none_guard_trima (test_utils.TestNoneGuards.test_none_guard_trima) ... ok
test_none_guard_trix (test_utils.TestNoneGuards.test_none_guard_trix) ... ok
test_none_guard_zlma (test_utils.TestNoneGuards.test_none_guard_zlma) ... ok
test_none_guard_zscore (test_utils.TestNoneGuards.test_none_guard_zscore) ... 
ok
test_verify_series_none_when_too_short 
(test_utils.TestNoneGuards.test_verify_series_none_when_too_short) ... ok
test_verify_series_ok_when_long_enough 
(test_utils.TestNoneGuards.test_verify_series_ok_when_long_enough) ... ok
test_default_min_periods_leading_nans 
(test_utils.TestNpRollingMoments.test_default_min_periods_leading_nans) ... ok
test_default_min_periods_no_trailing_nans 
(test_utils.TestNpRollingMoments.test_default_min_periods_no_trailing_nans) 
... ok
test_empty_array (test_utils.TestNpRollingMoments.test_empty_array) ... ok
test_min_periods_equal_to_length_same_as_default (test_utils.TestNpRollingMomen
ts.test_min_periods_equal_to_length_same_as_default) ... ok
test_min_periods_first_valid_position 
(test_utils.TestNpRollingMoments.test_min_periods_first_valid_position) ... ok
test_min_periods_full_window_unchanged 
(test_utils.TestNpRollingMoments.test_min_periods_full_window_unchanged) ... ok
test_min_periods_position_below_min_is_nan 
(test_utils.TestNpRollingMoments.test_min_periods_position_below_min_is_nan) 
... ok
test_multiple_orders (test_utils.TestNpRollingMoments.test_multiple_orders) 
... ok
test_order2_constant_series_is_zero 
(test_utils.TestNpRollingMoments.test_order2_constant_series_is_zero) ... ok
test_order2_known_window 
(test_utils.TestNpRollingMoments.test_order2_known_window) ... ok
test_order3_sign (test_utils.TestNpRollingMoments.test_order3_sign) ... ok
test_output_dtype_is_float64 
(test_utils.TestNpRollingMoments.test_output_dtype_is_float64) ... ok
test_output_length_matches_input 
(test_utils.TestNpRollingMoments.test_output_length_matches_input) ... ok
test_returns_tuple_of_arrays 
(test_utils.TestNpRollingMoments.test_returns_tuple_of_arrays) ... ok
test_series_shorter_than_length_all_nan 
(test_utils.TestNpRollingMoments.test_series_shorter_than_length_all_nan) ... 
ok
test_single_element_series 
(test_utils.TestNpRollingMoments.test_single_element_series) ... ok
test__above_below (test_utils.TestUtilities.test__above_below) ... ok
test__add_prefix_suffix (test_utils.TestUtilities.test__add_prefix_suffix) ... 
ok
test_above (test_utils.TestUtilities.test_above) ... ok
test_above_value (test_utils.TestUtilities.test_above_value) ... ok
test_below (test_utils.TestUtilities.test_below) ... ok
test_below_value (test_utils.TestUtilities.test_below_value) ... ok
test_combination (test_utils.TestUtilities.test_combination) ... ok
test_cross_above (test_utils.TestUtilities.test_cross_above) ... ok
test_cross_below (test_utils.TestUtilities.test_cross_below) ... ok
test_df_dates (test_utils.TestUtilities.test_df_dates) ... ok
test_df_month_to_date (test_utils.TestUtilities.test_df_month_to_date) ... ok
test_df_quarter_to_date (test_utils.TestUtilities.test_df_quarter_to_date) ... 
ok
test_df_year_to_date (test_utils.TestUtilities.test_df_year_to_date) ... ok
test_fibonacci (test_utils.TestUtilities.test_fibonacci) ... ok
test_fibonacci_weighted (test_utils.TestUtilities.test_fibonacci_weighted) ... 
ok
test_geometric_mean (test_utils.TestUtilities.test_geometric_mean) ... ok
test_get_drift (test_utils.TestUtilities.test_get_drift) ... ok
test_get_offset (test_utils.TestUtilities.test_get_offset) ... ok
test_get_time (test_utils.TestUtilities.test_get_time) ... ok
test_linear_regression (test_utils.TestUtilities.test_linear_regression) ... ok
test_log_geometric_mean (test_utils.TestUtilities.test_log_geometric_mean) ... 
ok
test_pascals_triangle (test_utils.TestUtilities.test_pascals_triangle) ... ok
test_symmetric_triangle (test_utils.TestUtilities.test_symmetric_triangle) ... 
ok
test_tal_ma (test_utils.TestUtilities.test_tal_ma) ... ok
test_to_utc (test_utils.TestUtilities.test_to_utc) ... ok
test_total_time (test_utils.TestUtilities.test_total_time) ... ok
test_version (test_utils.TestUtilities.test_version) ... ok
test_zero (test_utils.TestUtilities.test_zero) ... ok
test_cagr (test_utils_metrics.TestUtilityMetrics.test_cagr) ... ok
test_calmar_ratio (test_utils_metrics.TestUtilityMetrics.test_calmar_ratio) 
... ok
test_downside_deviation 
(test_utils_metrics.TestUtilityMetrics.test_downside_deviation) ... ok
test_drawdown (test_utils_metrics.TestUtilityMetrics.test_drawdown) ... ok
test_jensens_alpha (test_utils_metrics.TestUtilityMetrics.test_jensens_alpha) 
... ok
test_log_max_drawdown 
(test_utils_metrics.TestUtilityMetrics.test_log_max_drawdown) ... ok
test_max_drawdown (test_utils_metrics.TestUtilityMetrics.test_max_drawdown) 
... ok
test_optimal_leverage 
(test_utils_metrics.TestUtilityMetrics.test_optimal_leverage) ... ok
test_pure_profit_score 
(test_utils_metrics.TestUtilityMetrics.test_pure_profit_score) ... ok
test_sharpe_ratio (test_utils_metrics.TestUtilityMetrics.test_sharpe_ratio) 
... ok
test_sortino_ratio (test_utils_metrics.TestUtilityMetrics.test_sortino_ratio) 
... ok
test_volatility (test_utils_metrics.TestUtilityMetrics.test_volatility) ... ok

----------------------------------------------------------------------
Ran 1130 tests in 222.783s

OK (skipped=59)
